2026-04-06T20:35:08.032505-03:00 LAPTOP-VLTTGN59 rsyslogd: [origin software="rsyslogd" swVersion="8.2312.0" x-pid="199" x-info="https://www.rsyslog.com"] rsyslogd was HUPed
2026-04-06T20:35:08.032865-03:00 LAPTOP-VLTTGN59 systemd[1]: rsyslog.service: Sent signal SIGHUP to main process 199 (rsyslogd) on client request.
2026-04-06T20:35:08.044986-03:00 LAPTOP-VLTTGN59 wsl-pro-service[196]: #033[36mINFO#033[0m Starting WSL Pro Service version v0.1.4
2026-04-06T20:35:08.045314-03:00 LAPTOP-VLTTGN59 wsl-pro-service[196]: #033[37mDEBUG#033[0m Debug mode is enabled
2026-04-06T20:35:08.045434-03:00 LAPTOP-VLTTGN59 wsl-pro-service[196]: #033[37mDEBUG#033[0m Building new daemon
2026-04-06T20:35:08.075301-03:00 LAPTOP-VLTTGN59 systemd[1]: logrotate.service: Deactivated successfully.
2026-04-06T20:35:08.076044-03:00 LAPTOP-VLTTGN59 systemd[1]: Finished logrotate.service - Rotate log files.
2026-04-06T20:35:08.153283-03:00 LAPTOP-VLTTGN59 snapd[192]: overlord.go:294: Acquiring state lock file
2026-04-06T20:35:08.154075-03:00 LAPTOP-VLTTGN59 snapd[192]: overlord.go:299: Acquired state lock file
2026-04-06T20:35:08.195334-03:00 LAPTOP-VLTTGN59 snapd[192]: daemon.go:276: started snapd/2.73+ubuntu24.04.2 (series 16; classic; devmode; wsl) ubuntu/24.04 (amd64) linux/6.6.87.2-microsoft-standa.
2026-04-06T20:35:08.282511-03:00 LAPTOP-VLTTGN59 systemd[1]: tmp-syscheck\x2dmountpoint\x2d2900475397.mount: Deactivated successfully.
2026-04-06T20:35:08.284563-03:00 LAPTOP-VLTTGN59 snapd[192]: daemon.go:370: adjusting startup timeout by 30s (pessimistic estimate of 30s plus 5s per snap)
2026-04-06T20:35:08.296005-03:00 LAPTOP-VLTTGN59 snapd[192]: backends.go:70: AppArmor status: apparmor not enabled
2026-04-06T20:35:08.308792-03:00 LAPTOP-VLTTGN59 wsl-pro-service[196]: #033[37mDEBUG#033[0m Ready state sent to systemd
2026-04-06T20:35:08.308957-03:00 LAPTOP-VLTTGN59 wsl-pro-service[196]: #033[36mINFO#033[0m Daemon: connecting to Windows Agent
2026-04-06T20:35:08.309091-03:00 LAPTOP-VLTTGN59 systemd[1]: Started wsl-pro.service - Bridge to Ubuntu Pro agent on Windows.
2026-04-06T20:35:08.309243-03:00 LAPTOP-VLTTGN59 wsl-pro-service[196]: #033[37mDEBUG#033[0m Updated systemd status to "Connecting"
2026-04-06T20:35:08.317803-03:00 LAPTOP-VLTTGN59 wsl-pro-service[196]: #033[33mWARNING#033[0m Daemon: could not connect to Windows Agent: could not get address: could not read agent port file "/mnt/c/Users/vinig/.ubuntupro/.address": open /mnt/c/Users/vinig/.ubuntupro/.address: no such file or directory
2026-04-06T20:35:08.317906-03:00 LAPTOP-VLTTGN59 wsl-pro-service[196]: #033[36mINFO#033[0m Reconnecting to Windows host in 1 seconds
2026-04-06T20:35:08.317978-03:00 LAPTOP-VLTTGN59 wsl-pro-service[196]: #033[37mDEBUG#033[0m Updated systemd status to "Not connected: waiting to retry"
2026-04-06T20:35:08.380012-03:00 LAPTOP-VLTTGN59 systemd[1]: Started snapd.service - Snap Daemon.
2026-04-06T20:35:08.393311-03:00 LAPTOP-VLTTGN59 dbus-daemon[181]: [system] Activating via systemd: service name='org.freedesktop.timedate1' unit='dbus-org.freedesktop.timedate1.service' requested by ':1.5' (uid=0 pid=192 comm="/usr/lib/snapd/snapd" label="kernel")
2026-04-06T20:35:08.437261-03:00 LAPTOP-VLTTGN59 systemd[1]: Starting systemd-timedated.service - Time & Date Service...
2026-04-06T20:35:08.550971-03:00 LAPTOP-VLTTGN59 dbus-daemon[181]: [system] Successfully activated service 'org.freedesktop.timedate1'
2026-04-06T20:35:08.551202-03:00 LAPTOP-VLTTGN59 systemd[1]: Started systemd-timedated.service - Time & Date Service.
2026-04-06T20:35:08.591366-03:00 LAPTOP-VLTTGN59 systemd[1]: Finished snapd.seeded.service - Wait until snapd is fully seeded.
2026-04-06T20:35:08.595190-03:00 LAPTOP-VLTTGN59 systemd[1]: snapd.autoimport.service - Auto import assertions from block devices was skipped because no trigger condition checks were met.
2026-04-06T20:35:09.320111-03:00 LAPTOP-VLTTGN59 wsl-pro-service[196]: #033[36mINFO#033[0m Daemon: connecting to Windows Agent
2026-04-06T20:35:09.320558-03:00 LAPTOP-VLTTGN59 wsl-pro-service[196]: #033[37mDEBUG#033[0m Updated systemd status to "Connecting"
2026-04-06T20:35:09.328328-03:00 LAPTOP-VLTTGN59 wsl-pro-service[196]: #033[33mWARNING#033[0m Daemon: could not connect to Windows Agent: could not get address: could not read agent port file "/mnt/c/Users/vinig/.ubuntupro/.address": open /mnt/c/Users/vinig/.ubuntupro/.address: no such file or directory
2026-04-06T20:35:09.328493-03:00 LAPTOP-VLTTGN59 wsl-pro-service[196]: #033[36mINFO#033[0m Reconnecting to Windows host in 2 seconds
2026-04-06T20:35:09.328596-03:00 LAPTOP-VLTTGN59 wsl-pro-service[196]: #033[37mDEBUG#033[0m Updated systemd status to "Not connected: waiting to retry"
2026-04-06T20:35:09.372574-03:00 LAPTOP-VLTTGN59 kernel: WSL (219) ERROR: CheckConnection: getaddrinfo() failed: -5
2026-04-06T20:35:09.372664-03:00 LAPTOP-VLTTGN59 kernel: TCP: eth0: Driver has suspect GRO implementation, TCP performance may be compromised.
2026-04-06T20:35:10.149426-03:00 LAPTOP-VLTTGN59 landscape-config[185]: Registered:    False
2026-04-06T20:35:10.149649-03:00 LAPTOP-VLTTGN59 landscape-config[185]: Config Path:   /etc/landscape/client.conf
2026-04-06T20:35:10.149768-03:00 LAPTOP-VLTTGN59 landscape-config[185]: Data Path      /var/lib/landscape/client
2026-04-06T20:35:10.308666-03:00 LAPTOP-VLTTGN59 systemd[1]: landscape-client.service: Skipped due to 'exec-condition'.
2026-04-06T20:35:10.308929-03:00 LAPTOP-VLTTGN59 systemd[1]: Condition check resulted in landscape-client.service - Landscape client daemons being skipped.
2026-04-06T20:35:10.309484-03:00 LAPTOP-VLTTGN59 systemd[1]: landscape-client.service: Consumed 1.956s CPU time.
2026-04-06T20:35:10.310714-03:00 LAPTOP-VLTTGN59 systemd[1]: Reached target multi-user.target - Multi-User System.
2026-04-06T20:35:10.312357-03:00 LAPTOP-VLTTGN59 systemd[1]: Reached target graphical.target - Graphical Interface.
2026-04-06T20:35:10.341793-03:00 LAPTOP-VLTTGN59 systemd[1]: Starting systemd-update-utmp-runlevel.service - Record Runlevel Change in UTMP...
2026-04-06T20:35:10.358149-03:00 LAPTOP-VLTTGN59 systemd[1]: systemd-update-utmp-runlevel.service: Deactivated successfully.
2026-04-06T20:35:10.358777-03:00 LAPTOP-VLTTGN59 systemd[1]: Finished systemd-update-utmp-runlevel.service - Record Runlevel Change in UTMP.
2026-04-06T20:35:10.360483-03:00 LAPTOP-VLTTGN59 systemd[1]: Startup finished in 5.263s.
2026-04-06T20:35:10.934816-03:00 LAPTOP-VLTTGN59 systemd[1]: dmesg.service: Deactivated successfully.
2026-04-06T20:35:11.330267-03:00 LAPTOP-VLTTGN59 wsl-pro-service[196]: #033[36mINFO#033[0m Daemon: connecting to Windows Agent
2026-04-06T20:35:11.330448-03:00 LAPTOP-VLTTGN59 wsl-pro-service[196]: #033[37mDEBUG#033[0m Updated systemd status to "Connecting"
2026-04-06T20:35:11.335465-03:00 LAPTOP-VLTTGN59 wsl-pro-service[196]: #033[33mWARNING#033[0m Daemon: could not connect to Windows Agent: could not get address: could not read agent port file "/mnt/c/Users/vinig/.ubuntupro/.address": open /mnt/c/Users/vinig/.ubuntupro/.address: no such file or directory
2026-04-06T20:35:11.335560-03:00 LAPTOP-VLTTGN59 wsl-pro-service[196]: #033[36mINFO#033[0m Reconnecting to Windows host in 4 seconds
2026-04-06T20:35:11.335644-03:00 LAPTOP-VLTTGN59 wsl-pro-service[196]: #033[37mDEBUG#033[0m Updated systemd status to "Not connected: waiting to retry"
2026-04-06T20:35:11.567618-03:00 LAPTOP-VLTTGN59 systemd[1]: Created slice user-1000.slice - User Slice of UID 1000.
2026-04-06T20:35:11.570262-03:00 LAPTOP-VLTTGN59 systemd[1]: Starting user-runtime-dir@1000.service - User Runtime Directory /run/user/1000...
2026-04-06T20:35:11.611634-03:00 LAPTOP-VLTTGN59 systemd[1]: Finished user-runtime-dir@1000.service - User Runtime Directory /run/user/1000.
2026-04-06T20:35:11.616201-03:00 LAPTOP-VLTTGN59 systemd[1]: Starting user@1000.service - User Manager for UID 1000...
2026-04-06T20:35:11.900744-03:00 LAPTOP-VLTTGN59 systemd[391]: Queued start job for default target default.target.
2026-04-06T20:35:11.976448-03:00 LAPTOP-VLTTGN59 kernel: systemd-journald[48]: /var/log/journal/42bf43d7a3a14272b979f8d1475c79df/user-1000.journal: Journal file uses a different sequence number ID, rotating.
2026-04-06T20:35:12.156470-03:00 LAPTOP-VLTTGN59 systemd[391]: Created slice app.slice - User Application Slice.
2026-04-06T20:35:12.156688-03:00 LAPTOP-VLTTGN59 systemd[391]: Started launchpadlib-cache-clean.timer - Clean up old files in the Launchpadlib cache.
2026-04-06T20:35:12.157121-03:00 LAPTOP-VLTTGN59 systemd[391]: Reached target paths.target - Paths.
2026-04-06T20:35:12.157477-03:00 LAPTOP-VLTTGN59 systemd[391]: Reached target timers.target - Timers.
2026-04-06T20:35:12.157976-03:00 LAPTOP-VLTTGN59 systemd[391]: Starting dbus.socket - D-Bus User Message Bus Socket...
2026-04-06T20:35:12.158323-03:00 LAPTOP-VLTTGN59 systemd[391]: Listening on dirmngr.socket - GnuPG network certificate management daemon.
2026-04-06T20:35:12.158681-03:00 LAPTOP-VLTTGN59 systemd[391]: Listening on gpg-agent-browser.socket - GnuPG cryptographic agent and passphrase cache (access for web browsers).
2026-04-06T20:35:12.159271-03:00 LAPTOP-VLTTGN59 systemd[391]: Listening on gpg-agent-extra.socket - GnuPG cryptographic agent and passphrase cache (restricted).
2026-04-06T20:35:12.159699-03:00 LAPTOP-VLTTGN59 systemd[391]: Starting gpg-agent-ssh.socket - GnuPG cryptographic agent (ssh-agent emulation)...
2026-04-06T20:35:12.160059-03:00 LAPTOP-VLTTGN59 systemd[391]: Listening on gpg-agent.socket - GnuPG cryptographic agent and passphrase cache.
2026-04-06T20:35:12.160227-03:00 LAPTOP-VLTTGN59 systemd[391]: Listening on keyboxd.socket - GnuPG public key management service.
2026-04-06T20:35:12.160330-03:00 LAPTOP-VLTTGN59 systemd[391]: Listening on pk-debconf-helper.socket - debconf communication socket.
2026-04-06T20:35:12.160543-03:00 LAPTOP-VLTTGN59 systemd[391]: Listening on snapd.session-agent.socket - REST API socket for snapd user session agent.
2026-04-06T20:35:12.160682-03:00 LAPTOP-VLTTGN59 systemd[391]: Starting wslg-session.service - WSLg user service...
2026-04-06T20:35:12.160748-03:00 LAPTOP-VLTTGN59 systemd[391]: Listening on dbus.socket - D-Bus User Message Bus Socket.
2026-04-06T20:35:12.160804-03:00 LAPTOP-VLTTGN59 systemd[391]: Listening on gpg-agent-ssh.socket - GnuPG cryptographic agent (ssh-agent emulation).
2026-04-06T20:35:12.160931-03:00 LAPTOP-VLTTGN59 systemd[391]: Reached target sockets.target - Sockets.
2026-04-06T20:35:12.161031-03:00 LAPTOP-VLTTGN59 systemd[391]: Reached target basic.target - Basic System.
2026-04-06T20:35:12.161094-03:00 LAPTOP-VLTTGN59 systemd[391]: Reached target default.target - Main User Target.
2026-04-06T20:35:12.161208-03:00 LAPTOP-VLTTGN59 systemd[1]: Started user@1000.service - User Manager for UID 1000.
2026-04-06T20:35:12.161314-03:00 LAPTOP-VLTTGN59 systemd[1]: Started session-1.scope - Session 1 of User vinig.
2026-04-06T20:35:12.161423-03:00 LAPTOP-VLTTGN59 systemd[391]: Finished wslg-session.service - WSLg user service.
2026-04-06T20:35:12.161485-03:00 LAPTOP-VLTTGN59 systemd[391]: Startup finished in 339ms.
2026-04-06T20:35:13.401440-03:00 LAPTOP-VLTTGN59 snapd[192]: daemon.go:556: gracefully waiting for running hooks
2026-04-06T20:35:13.401743-03:00 LAPTOP-VLTTGN59 snapd[192]: daemon.go:558: done waiting for running hooks
2026-04-06T20:35:15.338596-03:00 LAPTOP-VLTTGN59 wsl-pro-service[196]: #033[36mINFO#033[0m Daemon: connecting to Windows Agent
2026-04-06T20:35:15.338916-03:00 LAPTOP-VLTTGN59 wsl-pro-service[196]: #033[37mDEBUG#033[0m Updated systemd status to "Connecting"
2026-04-06T20:35:15.345805-03:00 LAPTOP-VLTTGN59 wsl-pro-service[196]: #033[33mWARNING#033[0m Daemon: could not connect to Windows Agent: could not get address: could not read agent port file "/mnt/c/Users/vinig/.ubuntupro/.address": open /mnt/c/Users/vinig/.ubuntupro/.address: no such file or directory
2026-04-06T20:35:15.346143-03:00 LAPTOP-VLTTGN59 wsl-pro-service[196]: #033[36mINFO#033[0m Reconnecting to Windows host in 8 seconds
2026-04-06T20:35:15.346419-03:00 LAPTOP-VLTTGN59 wsl-pro-service[196]: #033[37mDEBUG#033[0m Updated systemd status to "Not connected: waiting to retry"
2026-04-06T20:35:16.403037-03:00 LAPTOP-VLTTGN59 snapd[192]: overlord.go:538: Released state lock file
2026-04-06T20:35:16.403273-03:00 LAPTOP-VLTTGN59 snapd[192]: daemon stop requested to wait for socket activation
2026-04-06T20:35:16.422658-03:00 LAPTOP-VLTTGN59 systemd[1]: snapd.service: Deactivated successfully.
2026-04-06T20:35:23.347412-03:00 LAPTOP-VLTTGN59 wsl-pro-service[196]: #033[36mINFO#033[0m Daemon: connecting to Windows Agent
2026-04-06T20:35:23.347872-03:00 LAPTOP-VLTTGN59 wsl-pro-service[196]: #033[37mDEBUG#033[0m Updated systemd status to "Connecting"
2026-04-06T20:35:23.352070-03:00 LAPTOP-VLTTGN59 wsl-pro-service[196]: #033[33mWARNING#033[0m Daemon: could not connect to Windows Agent: could not get address: could not read agent port file "/mnt/c/Users/vinig/.ubuntupro/.address": open /mnt/c/Users/vinig/.ubuntupro/.address: no such file or directory
2026-04-06T20:35:23.352339-03:00 LAPTOP-VLTTGN59 wsl-pro-service[196]: #033[36mINFO#033[0m Reconnecting to Windows host in 16 seconds
2026-04-06T20:35:23.352572-03:00 LAPTOP-VLTTGN59 wsl-pro-service[196]: #033[37mDEBUG#033[0m Updated systemd status to "Not connected: waiting to retry"
2026-04-06T20:35:38.591512-03:00 LAPTOP-VLTTGN59 systemd[1]: systemd-timedated.service: Deactivated successfully.
2026-04-06T20:35:39.370667-03:00 LAPTOP-VLTTGN59 wsl-pro-service[196]: #033[36mINFO#033[0m Daemon: connecting to Windows Agent
2026-04-06T20:35:39.370922-03:00 LAPTOP-VLTTGN59 wsl-pro-service[196]: #033[37mDEBUG#033[0m Updated systemd status to "Connecting"
2026-04-06T20:35:39.375336-03:00 LAPTOP-VLTTGN59 wsl-pro-service[196]: #033[33mWARNING#033[0m Daemon: could not connect to Windows Agent: could not get address: could not read agent port file "/mnt/c/Users/vinig/.ubuntupro/.address": open /mnt/c/Users/vinig/.ubuntupro/.address: no such file or directory
2026-04-06T20:35:39.375509-03:00 LAPTOP-VLTTGN59 wsl-pro-service[196]: #033[36mINFO#033[0m Reconnecting to Windows host in 32 seconds
2026-04-06T20:35:39.375672-03:00 LAPTOP-VLTTGN59 wsl-pro-service[196]: #033[37mDEBUG#033[0m Updated systemd status to "Not connected: waiting to retry"
2026-04-06T20:35:47.512321-03:00 LAPTOP-VLTTGN59 kernel: hv_balloon: Max. dynamic memory size: 9154 MB
2026-04-06T20:36:00.394547-03:00 LAPTOP-VLTTGN59 systemd[1]: Starting e2scrub_all.service - Online ext4 Metadata Check for All Filesystems...
2026-04-06T20:36:00.410270-03:00 LAPTOP-VLTTGN59 systemd[1]: e2scrub_all.service: Deactivated successfully.
2026-04-06T20:36:00.411247-03:00 LAPTOP-VLTTGN59 systemd[1]: Finished e2scrub_all.service - Online ext4 Metadata Check for All Filesystems.
2026-04-06T20:36:11.407942-03:00 LAPTOP-VLTTGN59 wsl-pro-service[196]: #033[36mINFO#033[0m Daemon: connecting to Windows Agent
2026-04-06T20:36:11.408348-03:00 LAPTOP-VLTTGN59 wsl-pro-service[196]: #033[37mDEBUG#033[0m Updated systemd status to "Connecting"
2026-04-06T20:36:11.414425-03:00 LAPTOP-VLTTGN59 wsl-pro-service[196]: #033[33mWARNING#033[0m Daemon: could not connect to Windows Agent: could not get address: could not read agent port file "/mnt/c/Users/vinig/.ubuntupro/.address": open /mnt/c/Users/vinig/.ubuntupro/.address: no such file or directory
2026-04-06T20:36:11.414616-03:00 LAPTOP-VLTTGN59 wsl-pro-service[196]: #033[36mINFO#033[0m Reconnecting to Windows host in 60 seconds
2026-04-06T20:36:11.414781-03:00 LAPTOP-VLTTGN59 wsl-pro-service[196]: #033[37mDEBUG#033[0m Updated systemd status to "Not connected: waiting to retry"
2026-04-06T20:37:11.479891-03:00 LAPTOP-VLTTGN59 wsl-pro-service[196]: #033[36mINFO#033[0m Daemon: connecting to Windows Agent
2026-04-06T20:37:11.481329-03:00 LAPTOP-VLTTGN59 wsl-pro-service[196]: #033[37mDEBUG#033[0m Updated systemd status to "Connecting"
2026-04-06T20:37:11.484953-03:00 LAPTOP-VLTTGN59 wsl-pro-service[196]: #033[33mWARNING#033[0m Daemon: could not connect to Windows Agent: could not get address: could not read agent port file "/mnt/c/Users/vinig/.ubuntupro/.address": open /mnt/c/Users/vinig/.ubuntupro/.address: no such file or directory
2026-04-06T20:37:11.485176-03:00 LAPTOP-VLTTGN59 wsl-pro-service[196]: #033[36mINFO#033[0m Reconnecting to Windows host in 60 seconds
2026-04-06T20:37:11.485314-03:00 LAPTOP-VLTTGN59 wsl-pro-service[196]: #033[37mDEBUG#033[0m Updated systemd status to "Not connected: waiting to retry"
2026-04-06T20:38:11.532344-03:00 LAPTOP-VLTTGN59 wsl-pro-service[196]: #033[36mINFO#033[0m Daemon: connecting to Windows Agent
2026-04-06T20:38:11.533737-03:00 LAPTOP-VLTTGN59 wsl-pro-service[196]: #033[37mDEBUG#033[0m Updated systemd status to "Connecting"
2026-04-06T20:38:11.536802-03:00 LAPTOP-VLTTGN59 wsl-pro-service[196]: #033[33mWARNING#033[0m Daemon: could not connect to Windows Agent: could not get address: could not read agent port file "/mnt/c/Users/vinig/.ubuntupro/.address": open /mnt/c/Users/vinig/.ubuntupro/.address: no such file or directory
2026-04-06T20:38:11.537087-03:00 LAPTOP-VLTTGN59 wsl-pro-service[196]: #033[36mINFO#033[0m Reconnecting to Windows host in 60 seconds
2026-04-06T20:38:11.537226-03:00 LAPTOP-VLTTGN59 wsl-pro-service[196]: #033[37mDEBUG#033[0m Updated systemd status to "Not connected: waiting to retry"
2026-04-06T20:39:11.597655-03:00 LAPTOP-VLTTGN59 wsl-pro-service[196]: #033[36mINFO#033[0m Daemon: connecting to Windows Agent
2026-04-06T20:39:11.599237-03:00 LAPTOP-VLTTGN59 wsl-pro-service[196]: #033[37mDEBUG#033[0m Updated systemd status to "Connecting"
2026-04-06T20:39:11.602098-03:00 LAPTOP-VLTTGN59 wsl-pro-service[196]: #033[33mWARNING#033[0m Daemon: could not connect to Windows Agent: could not get address: could not read agent port file "/mnt/c/Users/vinig/.ubuntupro/.address": open /mnt/c/Users/vinig/.ubuntupro/.address: no such file or directory
2026-04-06T20:39:11.602234-03:00 LAPTOP-VLTTGN59 wsl-pro-service[196]: #033[36mINFO#033[0m Reconnecting to Windows host in 60 seconds
2026-04-06T20:39:11.602325-03:00 LAPTOP-VLTTGN59 wsl-pro-service[196]: #033[37mDEBUG#033[0m Updated systemd status to "Not connected: waiting to retry"
2026-04-06T20:39:12.166624-03:00 LAPTOP-VLTTGN59 dbus-daemon[181]: [system] Activating via systemd: service name='org.freedesktop.PackageKit' unit='packagekit.service' requested by ':1.11' (uid=0 pid=975 comm="/usr/bin/gdbus call --system --dest org.freedeskto" label="kernel")
2026-04-06T20:39:12.169898-03:00 LAPTOP-VLTTGN59 systemd[1]: Reached target network-online.target - Network is Online.
2026-04-06T20:39:12.205474-03:00 LAPTOP-VLTTGN59 systemd[1]: Starting packagekit.service - PackageKit Daemon...
2026-04-06T20:39:12.235507-03:00 LAPTOP-VLTTGN59 PackageKit: daemon start
2026-04-06T20:39:12.330055-03:00 LAPTOP-VLTTGN59 dbus-daemon[181]: [system] Activating via systemd: service name='org.freedesktop.PolicyKit1' unit='polkit.service' requested by ':1.13' (uid=0 pid=979 comm="/usr/libexec/packagekitd" label="kernel")
2026-04-06T20:39:12.373693-03:00 LAPTOP-VLTTGN59 systemd[1]: Starting polkit.service - Authorization Manager...
2026-04-06T20:39:12.507454-03:00 LAPTOP-VLTTGN59 polkitd[984]: Started polkitd version 124
2026-04-06T20:39:12.527001-03:00 LAPTOP-VLTTGN59 dbus-daemon[181]: [system] Successfully activated service 'org.freedesktop.PolicyKit1'
2026-04-06T20:39:12.528163-03:00 LAPTOP-VLTTGN59 systemd[1]: Started polkit.service - Authorization Manager.
2026-04-06T20:39:12.549113-03:00 LAPTOP-VLTTGN59 dbus-daemon[181]: [system] Successfully activated service 'org.freedesktop.PackageKit'
2026-04-06T20:39:12.549619-03:00 LAPTOP-VLTTGN59 systemd[1]: Started packagekit.service - PackageKit Daemon.
2026-04-06T20:40:11.603882-03:00 LAPTOP-VLTTGN59 wsl-pro-service[196]: #033[36mINFO#033[0m Daemon: connecting to Windows Agent
2026-04-06T20:40:11.612274-03:00 LAPTOP-VLTTGN59 wsl-pro-service[196]: #033[37mDEBUG#033[0m Updated systemd status to "Connecting"
2026-04-06T20:40:11.612576-03:00 LAPTOP-VLTTGN59 wsl-pro-service[196]: #033[33mWARNING#033[0m Daemon: could not connect to Windows Agent: could not get address: could not read agent port file "/mnt/c/Users/vinig/.ubuntupro/.address": open /mnt/c/Users/vinig/.ubuntupro/.address: no such file or directory
2026-04-06T20:40:11.612634-03:00 LAPTOP-VLTTGN59 wsl-pro-service[196]: #033[36mINFO#033[0m Reconnecting to Windows host in 60 seconds
2026-04-06T20:40:11.612683-03:00 LAPTOP-VLTTGN59 wsl-pro-service[196]: #033[37mDEBUG#033[0m Updated systemd status to "Not connected: waiting to retry"
2026-04-06T20:40:58.848018-03:00 LAPTOP-VLTTGN59 systemd[391]: launchpadlib-cache-clean.service - Clean up old files in the Launchpadlib cache was skipped because of an unmet condition check (ConditionPathExists=/home/vinig/.launchpadlib/api.launchpad.net/cache).
2026-04-06T20:41:11.669326-03:00 LAPTOP-VLTTGN59 wsl-pro-service[196]: #033[36mINFO#033[0m Daemon: connecting to Windows Agent
2026-04-06T20:41:11.669899-03:00 LAPTOP-VLTTGN59 wsl-pro-service[196]: #033[37mDEBUG#033[0m Updated systemd status to "Connecting"
2026-04-06T20:41:11.675473-03:00 LAPTOP-VLTTGN59 wsl-pro-service[196]: #033[33mWARNING#033[0m Daemon: could not connect to Windows Agent: could not get address: could not read agent port file "/mnt/c/Users/vinig/.ubuntupro/.address": open /mnt/c/Users/vinig/.ubuntupro/.address: no such file or directory
2026-04-06T20:41:11.675744-03:00 LAPTOP-VLTTGN59 wsl-pro-service[196]: #033[36mINFO#033[0m Reconnecting to Windows host in 60 seconds
2026-04-06T20:41:11.675916-03:00 LAPTOP-VLTTGN59 wsl-pro-service[196]: #033[37mDEBUG#033[0m Updated systemd status to "Not connected: waiting to retry"
2026-04-06T20:42:11.735492-03:00 LAPTOP-VLTTGN59 wsl-pro-service[196]: #033[36mINFO#033[0m Daemon: connecting to Windows Agent
2026-04-06T20:42:11.737056-03:00 LAPTOP-VLTTGN59 wsl-pro-service[196]: #033[37mDEBUG#033[0m Updated systemd status to "Connecting"
2026-04-06T20:42:11.740645-03:00 LAPTOP-VLTTGN59 wsl-pro-service[196]: #033[33mWARNING#033[0m Daemon: could not connect to Windows Agent: could not get address: could not read agent port file "/mnt/c/Users/vinig/.ubuntupro/.address": open /mnt/c/Users/vinig/.ubuntupro/.address: no such file or directory
2026-04-06T20:42:11.740875-03:00 LAPTOP-VLTTGN59 wsl-pro-service[196]: #033[36mINFO#033[0m Reconnecting to Windows host in 60 seconds
2026-04-06T20:42:11.741016-03:00 LAPTOP-VLTTGN59 wsl-pro-service[196]: #033[37mDEBUG#033[0m Updated systemd status to "Not connected: waiting to retry"
2026-04-06T20:43:11.802135-03:00 LAPTOP-VLTTGN59 wsl-pro-service[196]: #033[36mINFO#033[0m Daemon: connecting to Windows Agent
2026-04-06T20:43:11.803455-03:00 LAPTOP-VLTTGN59 wsl-pro-service[196]: #033[37mDEBUG#033[0m Updated systemd status to "Connecting"
2026-04-06T20:43:11.807047-03:00 LAPTOP-VLTTGN59 wsl-pro-service[196]: #033[33mWARNING#033[0m Daemon: could not connect to Windows Agent: could not get address: could not read agent port file "/mnt/c/Users/vinig/.ubuntupro/.address": open /mnt/c/Users/vinig/.ubuntupro/.address: no such file or directory
2026-04-06T20:43:11.807236-03:00 LAPTOP-VLTTGN59 wsl-pro-service[196]: #033[36mINFO#033[0m Reconnecting to Windows host in 60 seconds
2026-04-06T20:43:11.807368-03:00 LAPTOP-VLTTGN59 wsl-pro-service[196]: #033[37mDEBUG#033[0m Updated systemd status to "Not connected: waiting to retry"
2026-04-06T20:44:11.867947-03:00 LAPTOP-VLTTGN59 wsl-pro-service[196]: #033[36mINFO#033[0m Daemon: connecting to Windows Agent
2026-04-06T20:44:11.869223-03:00 LAPTOP-VLTTGN59 wsl-pro-service[196]: #033[37mDEBUG#033[0m Updated systemd status to "Connecting"
2026-04-06T20:44:11.872613-03:00 LAPTOP-VLTTGN59 wsl-pro-service[196]: #033[33mWARNING#033[0m Daemon: could not connect to Windows Agent: could not get address: could not read agent port file "/mnt/c/Users/vinig/.ubuntupro/.address": open /mnt/c/Users/vinig/.ubuntupro/.address: no such file or directory
2026-04-06T20:44:11.872786-03:00 LAPTOP-VLTTGN59 wsl-pro-service[196]: #033[36mINFO#033[0m Reconnecting to Windows host in 60 seconds
2026-04-06T20:44:11.872869-03:00 LAPTOP-VLTTGN59 wsl-pro-service[196]: #033[37mDEBUG#033[0m Updated systemd status to "Not connected: waiting to retry"
2026-04-06T20:44:17.525857-03:00 LAPTOP-VLTTGN59 PackageKit: daemon quit
2026-04-06T20:44:17.540982-03:00 LAPTOP-VLTTGN59 systemd[1]: packagekit.service: Deactivated successfully.
2026-04-06T20:45:00.664654-03:00 LAPTOP-VLTTGN59 kernel: mini_init (203): drop_caches: 1
2026-04-06T20:45:11.934314-03:00 LAPTOP-VLTTGN59 wsl-pro-service[196]: #033[36mINFO#033[0m Daemon: connecting to Windows Agent
2026-04-06T20:45:11.946898-03:00 LAPTOP-VLTTGN59 wsl-pro-service[196]: #033[37mDEBUG#033[0m Updated systemd status to "Connecting"
2026-04-06T20:45:11.947079-03:00 LAPTOP-VLTTGN59 wsl-pro-service[196]: #033[33mWARNING#033[0m Daemon: could not connect to Windows Agent: could not get address: could not read agent port file "/mnt/c/Users/vinig/.ubuntupro/.address": open /mnt/c/Users/vinig/.ubuntupro/.address: no such file or directory
2026-04-06T20:45:11.947132-03:00 LAPTOP-VLTTGN59 wsl-pro-service[196]: #033[36mINFO#033[0m Reconnecting to Windows host in 60 seconds
2026-04-06T20:45:11.947202-03:00 LAPTOP-VLTTGN59 wsl-pro-service[196]: #033[37mDEBUG#033[0m Updated systemd status to "Not connected: waiting to retry"
2026-04-06T20:46:12.004724-03:00 LAPTOP-VLTTGN59 wsl-pro-service[196]: #033[36mINFO#033[0m Daemon: connecting to Windows Agent
2026-04-06T20:46:12.005894-03:00 LAPTOP-VLTTGN59 wsl-pro-service[196]: #033[37mDEBUG#033[0m Updated systemd status to "Connecting"
2026-04-06T20:46:12.009081-03:00 LAPTOP-VLTTGN59 wsl-pro-service[196]: #033[33mWARNING#033[0m Daemon: could not connect to Windows Agent: could not get address: could not read agent port file "/mnt/c/Users/vinig/.ubuntupro/.address": open /mnt/c/Users/vinig/.ubuntupro/.address: no such file or directory
2026-04-06T20:46:12.009286-03:00 LAPTOP-VLTTGN59 wsl-pro-service[196]: #033[36mINFO#033[0m Reconnecting to Windows host in 60 seconds
2026-04-06T20:46:12.009484-03:00 LAPTOP-VLTTGN59 wsl-pro-service[196]: #033[37mDEBUG#033[0m Updated systemd status to "Not connected: waiting to retry"
2026-04-06T20:47:12.070040-03:00 LAPTOP-VLTTGN59 wsl-pro-service[196]: #033[36mINFO#033[0m Daemon: connecting to Windows Agent
2026-04-06T20:47:12.074504-03:00 LAPTOP-VLTTGN59 wsl-pro-service[196]: #033[37mDEBUG#033[0m Updated systemd status to "Connecting"
2026-04-06T20:47:12.074943-03:00 LAPTOP-VLTTGN59 wsl-pro-service[196]: #033[33mWARNING#033[0m Daemon: could not connect to Windows Agent: could not get address: could not read agent port file "/mnt/c/Users/vinig/.ubuntupro/.address": open /mnt/c/Users/vinig/.ubuntupro/.address: no such file or directory
2026-04-06T20:47:12.075098-03:00 LAPTOP-VLTTGN59 wsl-pro-service[196]: #033[36mINFO#033[0m Reconnecting to Windows host in 60 seconds
2026-04-06T20:47:12.075423-03:00 LAPTOP-VLTTGN59 wsl-pro-service[196]: #033[37mDEBUG#033[0m Updated systemd status to "Not connected: waiting to retry"
2026-04-06T20:48:12.133462-03:00 LAPTOP-VLTTGN59 wsl-pro-service[196]: #033[36mINFO#033[0m Daemon: connecting to Windows Agent
2026-04-06T20:48:12.134676-03:00 LAPTOP-VLTTGN59 wsl-pro-service[196]: #033[37mDEBUG#033[0m Updated systemd status to "Connecting"
2026-04-06T20:48:12.139425-03:00 LAPTOP-VLTTGN59 wsl-pro-service[196]: #033[33mWARNING#033[0m Daemon: could not connect to Windows Agent: could not get address: could not read agent port file "/mnt/c/Users/vinig/.ubuntupro/.address": open /mnt/c/Users/vinig/.ubuntupro/.address: no such file or directory
2026-04-06T20:48:12.139808-03:00 LAPTOP-VLTTGN59 wsl-pro-service[196]: #033[36mINFO#033[0m Reconnecting to Windows host in 60 seconds
2026-04-06T20:48:12.140084-03:00 LAPTOP-VLTTGN59 wsl-pro-service[196]: #033[37mDEBUG#033[0m Updated systemd status to "Not connected: waiting to retry"
2026-04-06T20:49:12.158483-03:00 LAPTOP-VLTTGN59 wsl-pro-service[196]: #033[36mINFO#033[0m Daemon: connecting to Windows Agent
2026-04-06T20:49:12.162744-03:00 LAPTOP-VLTTGN59 wsl-pro-service[196]: #033[37mDEBUG#033[0m Updated systemd status to "Connecting"
2026-04-06T20:49:12.163465-03:00 LAPTOP-VLTTGN59 wsl-pro-service[196]: #033[33mWARNING#033[0m Daemon: could not connect to Windows Agent: could not get address: could not read agent port file "/mnt/c/Users/vinig/.ubuntupro/.address": open /mnt/c/Users/vinig/.ubuntupro/.address: no such file or directory
2026-04-06T20:49:12.163649-03:00 LAPTOP-VLTTGN59 wsl-pro-service[196]: #033[36mINFO#033[0m Reconnecting to Windows host in 60 seconds
2026-04-06T20:49:12.163815-03:00 LAPTOP-VLTTGN59 wsl-pro-service[196]: #033[37mDEBUG#033[0m Updated systemd status to "Not connected: waiting to retry"
2026-04-06T20:50:08.882207-03:00 LAPTOP-VLTTGN59 systemd[1]: Starting systemd-tmpfiles-clean.service - Cleanup of Temporary Directories...
2026-04-06T20:50:09.071312-03:00 LAPTOP-VLTTGN59 systemd[1]: systemd-tmpfiles-clean.service: Deactivated successfully.
2026-04-06T20:50:09.072807-03:00 LAPTOP-VLTTGN59 systemd[1]: Finished systemd-tmpfiles-clean.service - Cleanup of Temporary Directories.
2026-04-06T20:50:12.231223-03:00 LAPTOP-VLTTGN59 wsl-pro-service[196]: #033[36mINFO#033[0m Daemon: connecting to Windows Agent
2026-04-06T20:50:12.238936-03:00 LAPTOP-VLTTGN59 wsl-pro-service[196]: #033[37mDEBUG#033[0m Updated systemd status to "Connecting"
2026-04-06T20:50:12.239114-03:00 LAPTOP-VLTTGN59 wsl-pro-service[196]: #033[33mWARNING#033[0m Daemon: could not connect to Windows Agent: could not get address: could not read agent port file "/mnt/c/Users/vinig/.ubuntupro/.address": open /mnt/c/Users/vinig/.ubuntupro/.address: no such file or directory
2026-04-06T20:50:12.239167-03:00 LAPTOP-VLTTGN59 wsl-pro-service[196]: #033[36mINFO#033[0m Reconnecting to Windows host in 60 seconds
2026-04-06T20:50:12.239216-03:00 LAPTOP-VLTTGN59 wsl-pro-service[196]: #033[37mDEBUG#033[0m Updated systemd status to "Not connected: waiting to retry"
2026-04-06T20:48:30.020776-03:00 LAPTOP-VLTTGN59 kernel: message repeated 2 times: [ mini_init (203): drop_caches: 1]
2026-04-06T20:51:02.920595-03:00 LAPTOP-VLTTGN59 kernel: Exception: 
2026-04-06T20:51:02.920662-03:00 LAPTOP-VLTTGN59 kernel: Operation canceled @p9io.cpp:258 (AcceptAsync)
2026-04-06T20:51:02.920666-03:00 LAPTOP-VLTTGN59 kernel: 
2026-04-06T20:51:02.993963-03:00 LAPTOP-VLTTGN59 systemd[1]: unattended-upgrades.service: Deactivated successfully.
2026-04-06T20:51:03.003685-03:00 LAPTOP-VLTTGN59 systemd[1]: Stopping session-1.scope - Session 1 of User vinig...
2026-04-06T20:51:03.006308-03:00 LAPTOP-VLTTGN59 systemd[1]: Removed slice system-modprobe.slice - Slice /system/modprobe.
2026-04-06T20:51:03.007360-03:00 LAPTOP-VLTTGN59 systemd[1]: Stopped target graphical.target - Graphical Interface.
2026-04-06T20:51:03.008312-03:00 LAPTOP-VLTTGN59 systemd[1]: Stopped target multi-user.target - Multi-User System.
2026-04-06T20:51:03.009344-03:00 LAPTOP-VLTTGN59 systemd[1]: Stopped target getty.target - Login Prompts.
2026-04-06T20:51:03.010304-03:00 LAPTOP-VLTTGN59 systemd[1]: Stopped target network-online.target - Network is Online.
2026-04-06T20:51:03.011237-03:00 LAPTOP-VLTTGN59 systemd[1]: Stopped target nss-lookup.target - Host and Network Name Lookups.
2026-04-06T20:51:03.012360-03:00 LAPTOP-VLTTGN59 systemd[1]: Stopped target timers.target - Timer Units.
2026-04-06T20:51:03.013703-03:00 LAPTOP-VLTTGN59 systemd[1]: apt-daily-upgrade.timer: Deactivated successfully.
2026-04-06T20:51:03.014035-03:00 LAPTOP-VLTTGN59 systemd[1]: Stopped apt-daily-upgrade.timer - Daily apt upgrade and clean activities.
2026-04-06T20:51:03.014738-03:00 LAPTOP-VLTTGN59 systemd[1]: apt-daily.timer: Deactivated successfully.
2026-04-06T20:51:03.015001-03:00 LAPTOP-VLTTGN59 systemd[1]: Stopped apt-daily.timer - Daily apt download activities.
2026-04-06T20:51:03.015683-03:00 LAPTOP-VLTTGN59 systemd[1]: dpkg-db-backup.timer: Deactivated successfully.
2026-04-06T20:51:03.016073-03:00 LAPTOP-VLTTGN59 systemd[1]: Stopped dpkg-db-backup.timer - Daily dpkg database backup timer.
2026-04-06T20:51:03.016741-03:00 LAPTOP-VLTTGN59 systemd[1]: e2scrub_all.timer: Deactivated successfully.
2026-04-06T20:51:03.017059-03:00 LAPTOP-VLTTGN59 systemd[1]: Stopped e2scrub_all.timer - Periodic ext4 Online Metadata Check for All Filesystems.
2026-04-06T20:51:03.017660-03:00 LAPTOP-VLTTGN59 systemd[1]: logrotate.timer: Deactivated successfully.
2026-04-06T20:51:03.017979-03:00 LAPTOP-VLTTGN59 systemd[1]: Stopped logrotate.timer - Daily rotation of log files.
2026-04-06T20:51:03.018550-03:00 LAPTOP-VLTTGN59 systemd[1]: man-db.timer: Deactivated successfully.
2026-04-06T20:51:03.018879-03:00 LAPTOP-VLTTGN59 systemd[1]: Stopped man-db.timer - Daily man-db regeneration.
2026-04-06T20:51:03.019469-03:00 LAPTOP-VLTTGN59 systemd[1]: motd-news.timer: Deactivated successfully.
2026-04-06T20:51:03.019850-03:00 LAPTOP-VLTTGN59 systemd[1]: Stopped motd-news.timer - Message of the Day.
2026-04-06T20:51:03.020374-03:00 LAPTOP-VLTTGN59 systemd[1]: systemd-tmpfiles-clean.timer: Deactivated successfully.
2026-04-06T20:51:03.020817-03:00 LAPTOP-VLTTGN59 systemd[1]: Stopped systemd-tmpfiles-clean.timer - Daily Cleanup of Temporary Directories.
2026-04-06T20:51:03.021393-03:00 LAPTOP-VLTTGN59 systemd[1]: Stopped target time-set.target - System Time Set.
2026-04-06T20:51:03.022955-03:00 LAPTOP-VLTTGN59 systemd[1]: Stopping console-getty.service - Console Getty...
2026-04-06T20:51:03.024486-03:00 LAPTOP-VLTTGN59 systemd[1]: Stopping cron.service - Regular background program processing daemon...
2026-04-06T20:51:03.025938-03:00 LAPTOP-VLTTGN59 systemd[1]: Stopping getty@tty1.service - Getty on tty1...
2026-04-06T20:51:03.027626-03:00 LAPTOP-VLTTGN59 systemd[1]: Stopping polkit.service - Authorization Manager...
2026-04-07T09:17:29.872353-03:00 LAPTOP-VLTTGN59 systemd[1]: Mounted sys-kernel-config.mount - Kernel Configuration File System.
2026-04-07T09:17:29.874160-03:00 LAPTOP-VLTTGN59 systemd[1]: Finished keyboard-setup.service - Set the console keyboard layout.
2026-04-07T09:17:29.874199-03:00 LAPTOP-VLTTGN59 systemd-sysctl[72]: Couldn't write '1' to 'kernel/apparmor_restrict_unprivileged_userns', ignoring: No such file or directory
2026-04-07T09:17:29.874211-03:00 LAPTOP-VLTTGN59 systemd[1]: Finished systemd-sysctl.service - Apply Kernel Variables.
2026-04-07T09:17:29.874218-03:00 LAPTOP-VLTTGN59 systemd[1]: Starting systemd-journal-flush.service - Flush Journal to Persistent Storage...
2026-04-07T09:17:29.874225-03:00 LAPTOP-VLTTGN59 systemd[1]: Finished systemd-tmpfiles-setup-dev-early.service - Create Static Device Nodes in /dev gracefully.
2026-04-07T09:17:29.874232-03:00 LAPTOP-VLTTGN59 systemd[1]: systemd-sysusers.service - Create System Users was skipped because no trigger condition checks were met.
2026-04-07T09:17:29.874246-03:00 LAPTOP-VLTTGN59 systemd[1]: Starting systemd-tmpfiles-setup-dev.service - Create Static Device Nodes in /dev...
2026-04-07T09:17:29.874491-03:00 LAPTOP-VLTTGN59 systemd[1]: Finished systemd-tmpfiles-setup-dev.service - Create Static Device Nodes in /dev.
2026-04-07T09:17:29.874509-03:00 LAPTOP-VLTTGN59 systemd[1]: Reached target local-fs-pre.target - Preparation for Local File Systems.
2026-04-07T09:17:29.874517-03:00 LAPTOP-VLTTGN59 systemd[1]: Reached target local-fs.target - Local File Systems.
2026-04-07T09:17:29.874525-03:00 LAPTOP-VLTTGN59 systemd[1]: Listening on systemd-sysext.socket - System Extension Image Management (Varlink).
2026-04-07T09:17:29.874533-03:00 LAPTOP-VLTTGN59 systemd[1]: apparmor.service - Load AppArmor profiles was skipped because of an unmet condition check (ConditionSecurity=apparmor).
2026-04-07T09:17:29.874552-03:00 LAPTOP-VLTTGN59 systemd[1]: Starting console-setup.service - Set console font and keymap...
2026-04-07T09:17:29.874560-03:00 LAPTOP-VLTTGN59 systemd[1]: ldconfig.service - Rebuild Dynamic Linker Cache was skipped because no trigger condition checks were met.
2026-04-07T09:17:29.874566-03:00 LAPTOP-VLTTGN59 sh[107]: /bin/sh: 1: cannot create /proc/sys/fs/binfmt_misc/WSLInterop: Permission denied
2026-04-07T09:17:29.874574-03:00 LAPTOP-VLTTGN59 systemd[1]: snapd.apparmor.service - Load AppArmor profiles managed internally by snapd was skipped because of an unmet condition check (ConditionSecurity=apparmor).
2026-04-07T09:17:29.874582-03:00 LAPTOP-VLTTGN59 systemd[1]: Starting systemd-binfmt.service - Set Up Additional Binary Formats...
2026-04-07T09:17:29.874595-03:00 LAPTOP-VLTTGN59 systemd[1]: Starting systemd-udevd.service - Rule-based Manager for Device Events and Files...
2026-04-07T09:17:29.874602-03:00 LAPTOP-VLTTGN59 systemd[1]: Finished console-setup.service - Set console font and keymap.
2026-04-07T09:17:29.874609-03:00 LAPTOP-VLTTGN59 systemd[1]: Finished systemd-binfmt.service - Set Up Additional Binary Formats.
2026-04-07T09:17:29.874615-03:00 LAPTOP-VLTTGN59 systemd-udevd[105]: Using default interface naming scheme 'v255'.
2026-04-07T09:17:29.874622-03:00 LAPTOP-VLTTGN59 systemd[1]: Finished systemd-udev-trigger.service - Coldplug All udev Devices.
2026-04-07T09:17:29.874631-03:00 LAPTOP-VLTTGN59 systemd[1]: Started systemd-udevd.service - Rule-based Manager for Device Events and Files.
2026-04-07T09:17:29.874922-03:00 LAPTOP-VLTTGN59 systemd[1]: Finished systemd-journal-flush.service - Flush Journal to Persistent Storage.
2026-04-07T09:17:29.874936-03:00 LAPTOP-VLTTGN59 systemd[1]: Starting systemd-tmpfiles-setup.service - Create Volatile Files and Directories...
2026-04-07T09:17:29.874943-03:00 LAPTOP-VLTTGN59 systemd[1]: Finished systemd-tmpfiles-setup.service - Create Volatile Files and Directories.
2026-04-07T09:17:29.874952-03:00 LAPTOP-VLTTGN59 systemd[1]: systemd-firstboot.service - First Boot Wizard was skipped because of an unmet condition check (ConditionFirstBoot=yes).
2026-04-07T09:17:29.874960-03:00 LAPTOP-VLTTGN59 systemd[1]: first-boot-complete.target - First Boot Complete was skipped because of an unmet condition check (ConditionFirstBoot=yes).
2026-04-07T09:17:29.874975-03:00 LAPTOP-VLTTGN59 systemd[1]: systemd-journal-catalog-update.service - Rebuild Journal Catalog was skipped because of an unmet condition check (ConditionNeedsUpdate=/var).
2026-04-07T09:17:29.874984-03:00 LAPTOP-VLTTGN59 systemd[1]: systemd-machine-id-commit.service - Commit a transient machine-id on disk was skipped because of an unmet condition check (ConditionPathIsMountPoint=/etc/machine-id).
2026-04-07T09:17:29.874992-03:00 LAPTOP-VLTTGN59 systemd[1]: Starting systemd-resolved.service - Network Name Resolution...
2026-04-07T09:17:29.874999-03:00 LAPTOP-VLTTGN59 systemd[1]: Starting systemd-timesyncd.service - Network Time Synchronization...
2026-04-07T09:17:29.875009-03:00 LAPTOP-VLTTGN59 systemd[1]: systemd-update-done.service - Update is Completed was skipped because no trigger condition checks were met.
2026-04-07T09:17:29.875016-03:00 LAPTOP-VLTTGN59 systemd[1]: Starting systemd-update-utmp.service - Record System Boot/Shutdown in UTMP...
2026-04-07T09:17:29.875120-03:00 LAPTOP-VLTTGN59 systemd[1]: wslg.service - WSLg Remount Service was skipped because of an unmet condition check (ConditionPathExists=!/tmp/.X11-unix/X0).
2026-04-07T09:17:29.875131-03:00 LAPTOP-VLTTGN59 systemd[1]: Finished systemd-update-utmp.service - Record System Boot/Shutdown in UTMP.
2026-04-07T09:17:29.875140-03:00 LAPTOP-VLTTGN59 systemd-resolved[161]: Positive Trust Anchors:
2026-04-07T09:17:29.875150-03:00 LAPTOP-VLTTGN59 systemd-resolved[161]: . IN DS 20326 8 2 e06d44b80b8f1d39a95c0b0d7c65d08458e880409bbc683457104237c7f8ec8d
2026-04-07T09:17:29.875158-03:00 LAPTOP-VLTTGN59 systemd-resolved[161]: Negative trust anchors: home.arpa 10.in-addr.arpa 16.172.in-addr.arpa 17.172.in-addr.arpa 18.172.in-addr.arpa 19.172.in-addr.arpa 20.172.in-addr.arpa 21.172.in-addr.arpa 22.172.in-addr.arpa 23.172.in-addr.arpa 24.172.in-addr.arpa 25.172.in-addr.arpa 26.172.in-addr.arpa 27.172.in-addr.arpa 28.172.in-addr.arpa 29.172.in-addr.arpa 30.172.in-addr.arpa 31.172.in-addr.arpa 170.0.0.192.in-addr.arpa 171.0.0.192.in-addr.arpa 168.192.in-addr.arpa d.f.ip6.arpa ipv4only.arpa corp home internal intranet lan local private test
2026-04-07T09:17:29.875175-03:00 LAPTOP-VLTTGN59 systemd[1]: Started systemd-timesyncd.service - Network Time Synchronization.
2026-04-07T09:17:29.875182-03:00 LAPTOP-VLTTGN59 systemd[1]: Reached target time-set.target - System Time Set.
2026-04-07T09:17:29.875188-03:00 LAPTOP-VLTTGN59 systemd-resolved[161]: Using system hostname 'LAPTOP-VLTTGN59'.
2026-04-07T09:17:29.875197-03:00 LAPTOP-VLTTGN59 systemd[1]: Started systemd-resolved.service - Network Name Resolution.
2026-04-07T09:17:29.875204-03:00 LAPTOP-VLTTGN59 systemd[1]: Reached target nss-lookup.target - Host and Network Name Lookups.
2026-04-07T09:17:29.875212-03:00 LAPTOP-VLTTGN59 systemd[1]: Reached target sysinit.target - System Initialization.
2026-04-07T09:17:29.875225-03:00 LAPTOP-VLTTGN59 systemd[1]: apport-autoreport.path - Process error reports when automatic reporting is enabled (file watch) was skipped because of an unmet condition check (ConditionPathExists=/var/lib/apport/autoreport).
2026-04-07T09:17:29.875232-03:00 LAPTOP-VLTTGN59 systemd[1]: apport-autoreport.timer - Process error reports when automatic reporting is enabled (timer based) was skipped because of an unmet condition check (ConditionPathExists=/var/lib/apport/autoreport).
2026-04-07T09:17:29.875239-03:00 LAPTOP-VLTTGN59 systemd[1]: Started apt-daily.timer - Daily apt download activities.
2026-04-07T09:17:29.875246-03:00 LAPTOP-VLTTGN59 systemd[1]: Started apt-daily-upgrade.timer - Daily apt upgrade and clean activities.
2026-04-07T09:17:29.875253-03:00 LAPTOP-VLTTGN59 systemd[1]: Started dpkg-db-backup.timer - Daily dpkg database backup timer.
2026-04-07T09:17:29.875266-03:00 LAPTOP-VLTTGN59 systemd[1]: Started e2scrub_all.timer - Periodic ext4 Online Metadata Check for All Filesystems.
2026-04-07T09:17:29.875274-03:00 LAPTOP-VLTTGN59 systemd[1]: fstrim.timer - Discard unused filesystem blocks once a week was skipped because of an unmet condition check (ConditionVirtualization=!container).
2026-04-07T09:17:29.875281-03:00 LAPTOP-VLTTGN59 systemd[1]: Started logrotate.timer - Daily rotation of log files.
2026-04-07T09:17:29.875288-03:00 LAPTOP-VLTTGN59 systemd[1]: Started man-db.timer - Daily man-db regeneration.
2026-04-07T09:17:29.875295-03:00 LAPTOP-VLTTGN59 systemd[1]: Started motd-news.timer - Message of the Day.
2026-04-07T09:17:29.875302-03:00 LAPTOP-VLTTGN59 systemd[1]: snapd.snap-repair.timer - Timer to automatically fetch and run repair assertions was skipped because no trigger condition checks were met.
2026-04-07T09:17:29.875324-03:00 LAPTOP-VLTTGN59 systemd[1]: Started systemd-tmpfiles-clean.timer - Daily Cleanup of Temporary Directories.
2026-04-07T09:17:29.875332-03:00 LAPTOP-VLTTGN59 systemd[1]: ua-timer.timer - Ubuntu Pro Timer for running repeated jobs was skipped because of an unmet condition check (ConditionPathExists=/var/lib/ubuntu-advantage/private/machine-token.json).
2026-04-07T09:17:29.875338-03:00 LAPTOP-VLTTGN59 systemd[1]: Reached target paths.target - Path Units.
2026-04-07T09:17:29.875345-03:00 LAPTOP-VLTTGN59 systemd[1]: Reached target timers.target - Timer Units.
2026-04-07T09:17:29.875352-03:00 LAPTOP-VLTTGN59 systemd[1]: Listening on apport-forward.socket - Unix socket for apport crash forwarding.
2026-04-07T09:17:29.875360-03:00 LAPTOP-VLTTGN59 systemd[1]: Listening on dbus.socket - D-Bus System Message Bus Socket.
2026-04-07T09:17:29.875374-03:00 LAPTOP-VLTTGN59 systemd[1]: Starting snapd.socket - Socket activation for snappy daemon...
2026-04-07T09:17:29.875381-03:00 LAPTOP-VLTTGN59 systemd[1]: Listening on uuidd.socket - UUID daemon activation socket.
2026-04-07T09:17:29.875388-03:00 LAPTOP-VLTTGN59 systemd[1]: systemd-pcrphase-sysinit.service - TPM2 PCR Barrier (Initialization) was skipped because of an unmet condition check (ConditionSecurity=measured-uki).
2026-04-07T09:17:29.875395-03:00 LAPTOP-VLTTGN59 systemd-timesyncd[164]: Contacted time server 91.189.91.157:123 (ntp.ubuntu.com).
2026-04-07T09:17:29.875402-03:00 LAPTOP-VLTTGN59 systemd-timesyncd[164]: Initial clock synchronization to Tue 2026-04-07 09:17:29.243452 -03.
2026-04-07T09:17:29.875415-03:00 LAPTOP-VLTTGN59 systemd[1]: Listening on snapd.socket - Socket activation for snappy daemon.
2026-04-07T09:17:29.875423-03:00 LAPTOP-VLTTGN59 systemd[1]: Reached target sockets.target - Socket Units.
2026-04-07T09:17:29.875429-03:00 LAPTOP-VLTTGN59 systemd[1]: Reached target basic.target - Basic System.
2026-04-07T09:17:29.875436-03:00 LAPTOP-VLTTGN59 systemd[1]: apport.service - automatic crash report generation was skipped because of an unmet condition check (ConditionVirtualization=!container).
2026-04-07T09:17:29.875444-03:00 LAPTOP-VLTTGN59 systemd[1]: Started cron.service - Regular background program processing daemon.
2026-04-07T09:17:29.875451-03:00 LAPTOP-VLTTGN59 systemd[1]: Starting dbus.service - D-Bus System Message Bus...
2026-04-07T09:17:29.875464-03:00 LAPTOP-VLTTGN59 systemd[1]: Started dmesg.service - Save initial kernel messages after boot.
2026-04-07T09:17:29.875473-03:00 LAPTOP-VLTTGN59 (cron)[180]: cron.service: Referenced but unset environment variable evaluates to an empty string: EXTRA_OPTS
2026-04-07T09:17:29.875480-03:00 LAPTOP-VLTTGN59 systemd[1]: Starting dpkg-db-backup.service - Daily dpkg database backup service...
2026-04-07T09:17:29.875488-03:00 LAPTOP-VLTTGN59 cron[180]: (CRON) INFO (pidfile fd = 3)
2026-04-07T09:17:29.875494-03:00 LAPTOP-VLTTGN59 cron[180]: (CRON) INFO (Running @reboot jobs)
2026-04-07T09:17:29.875501-03:00 LAPTOP-VLTTGN59 systemd[1]: Starting e2scrub_reap.service - Remove Stale Online ext4 Metadata Check Snapshots...
2026-04-07T09:17:29.875514-03:00 LAPTOP-VLTTGN59 systemd[1]: getty-static.service - getty on tty2-tty6 if dbus and logind are not available was skipped because of an unmet condition check (ConditionPathExists=!/usr/bin/dbus-daemon).
2026-04-07T09:17:29.875522-03:00 LAPTOP-VLTTGN59 systemd[1]: Starting landscape-client.service - Landscape client daemons...
2026-04-07T09:17:29.875530-03:00 LAPTOP-VLTTGN59 systemd[1]: networkd-dispatcher.service - Dispatcher daemon for systemd-networkd was skipped because no trigger condition checks were met.
2026-04-07T09:17:29.875537-03:00 LAPTOP-VLTTGN59 systemd[1]: Starting rsyslog.service - System Logging Service...
2026-04-07T09:17:29.875544-03:00 LAPTOP-VLTTGN59 systemd[1]: snapd.core-fixup.service - Automatically repair incorrect owner/permissions on core devices was skipped because no trigger condition checks were met.
2026-04-07T09:17:29.875552-03:00 LAPTOP-VLTTGN59 systemd[1]: snapd.recovery-chooser-trigger.service - Wait for the Ubuntu Core chooser trigger was skipped because of an unmet condition check (ConditionPathExistsGlob=/dev/input/event*).
2026-04-07T09:17:29.875564-03:00 LAPTOP-VLTTGN59 systemd[1]: Reached target getty-pre.target - Preparation for Logins.
2026-04-07T09:17:29.875572-03:00 LAPTOP-VLTTGN59 systemd[1]: Starting snapd.seeded.service - Wait until snapd is fully seeded...
2026-04-07T09:17:29.875579-03:00 LAPTOP-VLTTGN59 systemd[1]: Starting snapd.service - Snap Daemon...
2026-04-07T09:17:29.875587-03:00 LAPTOP-VLTTGN59 systemd[1]: Starting systemd-logind.service - User Login Management...
2026-04-07T09:17:29.875593-03:00 LAPTOP-VLTTGN59 systemd[1]: systemd-pcrphase.service - TPM2 PCR Barrier (User) was skipped because of an unmet condition check (ConditionSecurity=measured-uki).
2026-04-07T09:17:29.875605-03:00 LAPTOP-VLTTGN59 systemd[1]: Starting systemd-user-sessions.service - Permit User Sessions...
2026-04-07T09:17:29.875613-03:00 LAPTOP-VLTTGN59 systemd[1]: ua-reboot-cmds.service - Ubuntu Pro reboot cmds was skipped because of an unmet condition check (ConditionPathExists=/var/lib/ubuntu-advantage/private/machine-token.json).
2026-04-07T09:17:29.875621-03:00 LAPTOP-VLTTGN59 systemd[1]: ubuntu-advantage.service - Ubuntu Pro Background Auto Attach was skipped because no trigger condition checks were met.
2026-04-07T09:17:29.875629-03:00 LAPTOP-VLTTGN59 systemd[1]: Starting wsl-pro.service - Bridge to Ubuntu Pro agent on Windows...
2026-04-07T09:17:29.875636-03:00 LAPTOP-VLTTGN59 systemd[1]: Starting logrotate.service - Rotate log files...
2026-04-07T09:17:29.875644-03:00 LAPTOP-VLTTGN59 systemd[1]: Started dbus.service - D-Bus System Message Bus.
2026-04-07T09:17:29.875658-03:00 LAPTOP-VLTTGN59 systemd[1]: Finished systemd-user-sessions.service - Permit User Sessions.
2026-04-07T09:17:29.875665-03:00 LAPTOP-VLTTGN59 systemd[1]: Started console-getty.service - Console Getty.
2026-04-07T09:17:29.875672-03:00 LAPTOP-VLTTGN59 systemd[1]: Starting setvtrgb.service - Set console scheme...
2026-04-07T09:17:29.875679-03:00 LAPTOP-VLTTGN59 systemd[1]: e2scrub_reap.service: Deactivated successfully.
2026-04-07T09:17:29.875686-03:00 LAPTOP-VLTTGN59 systemd[1]: Finished e2scrub_reap.service - Remove Stale Online ext4 Metadata Check Snapshots.
2026-04-07T09:17:29.875695-03:00 LAPTOP-VLTTGN59 systemd[1]: Finished setvtrgb.service - Set console scheme.
2026-04-07T09:17:29.875708-03:00 LAPTOP-VLTTGN59 systemd[1]: Created slice system-getty.slice - Slice /system/getty.
2026-04-07T09:17:29.875723-03:00 LAPTOP-VLTTGN59 systemd[1]: Started getty@tty1.service - Getty on tty1.
2026-04-07T09:17:29.875732-03:00 LAPTOP-VLTTGN59 systemd[1]: Reached target getty.target - Login Prompts.
2026-04-07T09:17:29.873225-03:00 LAPTOP-VLTTGN59 rsyslogd: imuxsock: Acquired UNIX socket '/run/systemd/journal/syslog' (fd 3) from systemd.  [v8.2312.0]
2026-04-07T09:17:29.873610-03:00 LAPTOP-VLTTGN59 rsyslogd: rsyslogd's groupid changed to 102
2026-04-07T09:17:29.873700-03:00 LAPTOP-VLTTGN59 systemd[1]: Started rsyslog.service - System Logging Service.
2026-04-07T09:17:29.873797-03:00 LAPTOP-VLTTGN59 rsyslogd: rsyslogd's userid changed to 102
2026-04-07T09:17:29.873862-03:00 LAPTOP-VLTTGN59 rsyslogd: [origin software="rsyslogd" swVersion="8.2312.0" x-pid="214" x-info="https://www.rsyslog.com"] start
2026-04-07T09:17:29.876217-03:00 LAPTOP-VLTTGN59 kernel: Linux version 6.6.87.2-microsoft-standard-WSL2 (root@439a258ad544) (gcc (GCC) 11.2.0, GNU ld (GNU Binutils) 2.37) #1 SMP PREEMPT_DYNAMIC Thu Jun  5 18:30:46 UTC 2025
2026-04-07T09:17:29.876490-03:00 LAPTOP-VLTTGN59 kernel: Command line: initrd=\initrd.img WSL_ROOT_INIT=1 panic=-1 nr_cpus=8 hv_utils.timesync_implicit=1 console=hvc0 debug pty.legacy_count=0 WSL_ENABLE_CRASH_DUMP=1
2026-04-07T09:17:29.876498-03:00 LAPTOP-VLTTGN59 kernel: KERNEL supported cpus:
2026-04-07T09:17:29.876499-03:00 LAPTOP-VLTTGN59 kernel:   Intel GenuineIntel
2026-04-07T09:17:29.876500-03:00 LAPTOP-VLTTGN59 kernel:   AMD AuthenticAMD
2026-04-07T09:17:29.876501-03:00 LAPTOP-VLTTGN59 kernel: BIOS-provided physical RAM map:
2026-04-07T09:17:29.876502-03:00 LAPTOP-VLTTGN59 kernel: BIOS-e820: [mem 0x0000000000000000-0x000000000009ffff] usable
2026-04-07T09:17:29.876509-03:00 LAPTOP-VLTTGN59 kernel: BIOS-e820: [mem 0x00000000000e0000-0x00000000000e0fff] reserved
2026-04-07T09:17:29.876510-03:00 LAPTOP-VLTTGN59 kernel: BIOS-e820: [mem 0x0000000000100000-0x00000000001fffff] ACPI data
2026-04-07T09:17:29.876511-03:00 LAPTOP-VLTTGN59 kernel: BIOS-e820: [mem 0x0000000000200000-0x00000000f7ffffff] usable
2026-04-07T09:17:29.876511-03:00 LAPTOP-VLTTGN59 kernel: BIOS-e820: [mem 0x0000000100000000-0x00000002441fffff] usable
2026-04-07T09:17:29.876512-03:00 LAPTOP-VLTTGN59 kernel: NX (Execute Disable) protection: active
2026-04-07T09:17:29.876513-03:00 LAPTOP-VLTTGN59 kernel: APIC: Static calls initialized
2026-04-07T09:17:29.876514-03:00 LAPTOP-VLTTGN59 kernel: DMI not present or invalid.
2026-04-07T09:17:29.876519-03:00 LAPTOP-VLTTGN59 kernel: Hypervisor detected: Microsoft Hyper-V
2026-04-07T09:17:29.876520-03:00 LAPTOP-VLTTGN59 kernel: Hyper-V: privilege flags low 0xae7f, high 0x3b8030, hints 0x2c2c, misc 0xc0bed7b6
2026-04-07T09:17:29.876521-03:00 LAPTOP-VLTTGN59 kernel: Hyper-V: Nested features: 0x4a0000
2026-04-07T09:17:29.876521-03:00 LAPTOP-VLTTGN59 kernel: Hyper-V: LAPIC Timer Frequency: 0xc3500
2026-04-07T09:17:29.876522-03:00 LAPTOP-VLTTGN59 kernel: Hyper-V: Using hypercall for remote TLB flush
2026-04-07T09:17:29.876523-03:00 LAPTOP-VLTTGN59 kernel: clocksource: hyperv_clocksource_tsc_page: mask: 0xffffffffffffffff max_cycles: 0x24e6a1710, max_idle_ns: 440795202120 ns
2026-04-07T09:17:29.876537-03:00 LAPTOP-VLTTGN59 kernel: clocksource: hyperv_clocksource_msr: mask: 0xffffffffffffffff max_cycles: 0x24e6a1710, max_idle_ns: 440795202120 ns
2026-04-07T09:17:29.876538-03:00 LAPTOP-VLTTGN59 kernel: tsc: Detected 2095.987 MHz processor
2026-04-07T09:17:29.876538-03:00 LAPTOP-VLTTGN59 kernel: e820: update [mem 0x00000000-0x00000fff] usable ==> reserved
2026-04-07T09:17:29.876539-03:00 LAPTOP-VLTTGN59 kernel: e820: remove [mem 0x000a0000-0x000fffff] usable
2026-04-07T09:17:29.876539-03:00 LAPTOP-VLTTGN59 kernel: last_pfn = 0x244200 max_arch_pfn = 0x400000000
2026-04-07T09:17:29.876540-03:00 LAPTOP-VLTTGN59 kernel: MTRR map: 5 entries (4 fixed + 1 variable; max 20), built from 8 variable MTRRs
2026-04-07T09:17:29.876551-03:00 LAPTOP-VLTTGN59 kernel: x86/PAT: Configuration [0-7]: WB  WC  UC- UC  WB  WP  UC- WT  
2026-04-07T09:17:29.876551-03:00 LAPTOP-VLTTGN59 kernel: last_pfn = 0xf8000 max_arch_pfn = 0x400000000
2026-04-07T09:17:29.876552-03:00 LAPTOP-VLTTGN59 kernel: Using GB pages for direct mapping
2026-04-07T09:17:29.876552-03:00 LAPTOP-VLTTGN59 kernel: RAMDISK: [mem 0x04be4000-0x04e8bfff]
2026-04-07T09:17:29.876553-03:00 LAPTOP-VLTTGN59 kernel: ACPI: Early table checksum verification disabled
2026-04-07T09:17:29.876553-03:00 LAPTOP-VLTTGN59 kernel: ACPI: RSDP 0x00000000000E0000 000024 (v02 VRTUAL)
2026-04-07T09:17:29.876563-03:00 LAPTOP-VLTTGN59 kernel: ACPI: XSDT 0x0000000000100000 000044 (v01 VRTUAL MICROSFT 00000001 MSFT 00000001)
2026-04-07T09:17:29.876563-03:00 LAPTOP-VLTTGN59 kernel: ACPI: FACP 0x0000000000101000 000114 (v06 VRTUAL MICROSFT 00000001 MSFT 00000001)
2026-04-07T09:17:29.876564-03:00 LAPTOP-VLTTGN59 kernel: ACPI: DSDT 0x00000000001011B8 01E191 (v02 MSFTVM DSDT01   00000001 MSFT 05000000)
2026-04-07T09:17:29.876565-03:00 LAPTOP-VLTTGN59 kernel: ACPI: FACS 0x0000000000101114 000040
2026-04-07T09:17:29.876565-03:00 LAPTOP-VLTTGN59 kernel: ACPI: OEM0 0x0000000000101154 000064 (v01 VRTUAL MICROSFT 00000001 MSFT 00000001)
2026-04-07T09:17:29.876566-03:00 LAPTOP-VLTTGN59 kernel: ACPI: SRAT 0x000000000011F349 000330 (v02 VRTUAL MICROSFT 00000001 MSFT 00000001)
2026-04-07T09:17:29.876567-03:00 LAPTOP-VLTTGN59 kernel: ACPI: APIC 0x000000000011F679 000088 (v04 VRTUAL MICROSFT 00000001 MSFT 00000001)
2026-04-07T09:17:29.876572-03:00 LAPTOP-VLTTGN59 kernel: ACPI: Reserving FACP table memory at [mem 0x101000-0x101113]
2026-04-07T09:17:29.876573-03:00 LAPTOP-VLTTGN59 kernel: ACPI: Reserving DSDT table memory at [mem 0x1011b8-0x11f348]
2026-04-07T09:17:29.876573-03:00 LAPTOP-VLTTGN59 kernel: ACPI: Reserving FACS table memory at [mem 0x101114-0x101153]
2026-04-07T09:17:29.876574-03:00 LAPTOP-VLTTGN59 kernel: ACPI: Reserving OEM0 table memory at [mem 0x101154-0x1011b7]
2026-04-07T09:17:29.876574-03:00 LAPTOP-VLTTGN59 kernel: ACPI: Reserving SRAT table memory at [mem 0x11f349-0x11f678]
2026-04-07T09:17:29.876575-03:00 LAPTOP-VLTTGN59 kernel: ACPI: Reserving APIC table memory at [mem 0x11f679-0x11f700]
2026-04-07T09:17:29.876584-03:00 LAPTOP-VLTTGN59 kernel: SRAT: PXM 0 -> APIC 0x00 -> Node 0
2026-04-07T09:17:29.876585-03:00 LAPTOP-VLTTGN59 kernel: SRAT: PXM 0 -> APIC 0x01 -> Node 0
2026-04-07T09:17:29.876586-03:00 LAPTOP-VLTTGN59 kernel: SRAT: PXM 0 -> APIC 0x02 -> Node 0
2026-04-07T09:17:29.876586-03:00 LAPTOP-VLTTGN59 kernel: SRAT: PXM 0 -> APIC 0x03 -> Node 0
2026-04-07T09:17:29.876587-03:00 LAPTOP-VLTTGN59 kernel: SRAT: PXM 0 -> APIC 0x04 -> Node 0
2026-04-07T09:17:29.876588-03:00 LAPTOP-VLTTGN59 kernel: SRAT: PXM 0 -> APIC 0x05 -> Node 0
2026-04-07T09:17:29.876588-03:00 LAPTOP-VLTTGN59 kernel: SRAT: PXM 0 -> APIC 0x06 -> Node 0
2026-04-07T09:17:29.876593-03:00 LAPTOP-VLTTGN59 kernel: SRAT: PXM 0 -> APIC 0x07 -> Node 0
2026-04-07T09:17:29.876594-03:00 LAPTOP-VLTTGN59 kernel: ACPI: SRAT: Node 0 PXM 0 [mem 0x00000000-0xf7ffffff] hotplug
2026-04-07T09:17:29.876594-03:00 LAPTOP-VLTTGN59 kernel: ACPI: SRAT: Node 0 PXM 0 [mem 0x100000000-0x2441fffff] hotplug
2026-04-07T09:17:29.876595-03:00 LAPTOP-VLTTGN59 kernel: ACPI: SRAT: Node 0 PXM 0 [mem 0x244200000-0x9ffdfffff] hotplug
2026-04-07T09:17:29.876596-03:00 LAPTOP-VLTTGN59 kernel: ACPI: SRAT: Node 0 PXM 0 [mem 0x1000000000-0xfcffffffff] hotplug
2026-04-07T09:17:29.876597-03:00 LAPTOP-VLTTGN59 kernel: ACPI: SRAT: Node 0 PXM 0 [mem 0x10000000000-0x1ffffffffff] hotplug
2026-04-07T09:17:29.876601-03:00 LAPTOP-VLTTGN59 kernel: ACPI: SRAT: Node 0 PXM 0 [mem 0x20000000000-0x3ffffffffff] hotplug
2026-04-07T09:17:29.876602-03:00 LAPTOP-VLTTGN59 kernel: ACPI: SRAT: Node 0 PXM 0 [mem 0x40000000000-0x7ffffffffff] hotplug
2026-04-07T09:17:29.876602-03:00 LAPTOP-VLTTGN59 kernel: ACPI: SRAT: Node 0 PXM 0 [mem 0x80000000000-0xfffffffffff] hotplug
2026-04-07T09:17:29.876603-03:00 LAPTOP-VLTTGN59 kernel: ACPI: SRAT: Node 0 PXM 0 [mem 0x100000000000-0x1fffffffffff] hotplug
2026-04-07T09:17:29.876603-03:00 LAPTOP-VLTTGN59 kernel: ACPI: SRAT: Node 0 PXM 0 [mem 0x200000000000-0x3fffffffffff] hotplug
2026-04-07T09:17:29.876604-03:00 LAPTOP-VLTTGN59 kernel: ACPI: SRAT: Node 0 PXM 0 [mem 0x400000000000-0x7fffffffffff] hotplug
2026-04-07T09:17:29.876614-03:00 LAPTOP-VLTTGN59 kernel: ACPI: SRAT: Node 0 PXM 0 [mem 0x800000000000-0xffffffffffff] hotplug
2026-04-07T09:17:29.876615-03:00 LAPTOP-VLTTGN59 kernel: ACPI: SRAT: Node 0 PXM 0 [mem 0x1000000000000-0x1ffffffffffff] hotplug
2026-04-07T09:17:29.876616-03:00 LAPTOP-VLTTGN59 kernel: ACPI: SRAT: Node 0 PXM 0 [mem 0x2000000000000-0x3ffffffffffff] hotplug
2026-04-07T09:17:29.876617-03:00 LAPTOP-VLTTGN59 kernel: ACPI: SRAT: Node 0 PXM 0 [mem 0x4000000000000-0x7ffffffffffff] hotplug
2026-04-07T09:17:29.876618-03:00 LAPTOP-VLTTGN59 kernel: ACPI: SRAT: Node 0 PXM 0 [mem 0x8000000000000-0xfffffffffffff] hotplug
2026-04-07T09:17:29.876619-03:00 LAPTOP-VLTTGN59 kernel: NUMA: Node 0 [mem 0x00000000-0xf7ffffff] + [mem 0x100000000-0x2441fffff] -> [mem 0x00000000-0x2441fffff]
2026-04-07T09:17:29.876620-03:00 LAPTOP-VLTTGN59 kernel: NODE_DATA(0) allocated [mem 0x2441de000-0x2441fffff]
2026-04-07T09:17:29.876624-03:00 LAPTOP-VLTTGN59 kernel: Zone ranges:
2026-04-07T09:17:29.876626-03:00 LAPTOP-VLTTGN59 kernel:   DMA32    [mem 0x0000000000001000-0x00000000ffffffff]
2026-04-07T09:17:29.876626-03:00 LAPTOP-VLTTGN59 kernel:   Normal   [mem 0x0000000100000000-0x00000002441fffff]
2026-04-07T09:17:29.876627-03:00 LAPTOP-VLTTGN59 kernel:   Device   empty
2026-04-07T09:17:29.876627-03:00 LAPTOP-VLTTGN59 kernel: Movable zone start for each node
2026-04-07T09:17:29.876628-03:00 LAPTOP-VLTTGN59 kernel: Early memory node ranges
2026-04-07T09:17:29.876632-03:00 LAPTOP-VLTTGN59 kernel:   node   0: [mem 0x0000000000001000-0x000000000009ffff]
2026-04-07T09:17:29.876633-03:00 LAPTOP-VLTTGN59 kernel:   node   0: [mem 0x0000000000200000-0x00000000f7ffffff]
2026-04-07T09:17:29.876633-03:00 LAPTOP-VLTTGN59 kernel:   node   0: [mem 0x0000000100000000-0x00000002441fffff]
2026-04-07T09:17:29.876634-03:00 LAPTOP-VLTTGN59 kernel: Initmem setup node 0 [mem 0x0000000000001000-0x00000002441fffff]
2026-04-07T09:17:29.876641-03:00 LAPTOP-VLTTGN59 kernel: On node 0, zone DMA32: 1 pages in unavailable ranges
2026-04-07T09:17:29.876641-03:00 LAPTOP-VLTTGN59 kernel: On node 0, zone DMA32: 352 pages in unavailable ranges
2026-04-07T09:17:29.876646-03:00 LAPTOP-VLTTGN59 kernel: On node 0, zone Normal: 15872 pages in unavailable ranges
2026-04-07T09:17:29.876647-03:00 LAPTOP-VLTTGN59 kernel: ACPI: PM-Timer IO Port: 0x408
2026-04-07T09:17:29.876647-03:00 LAPTOP-VLTTGN59 kernel: ACPI: LAPIC_NMI (acpi_id[0x01] dfl dfl lint[0x1])
2026-04-07T09:17:29.876648-03:00 LAPTOP-VLTTGN59 kernel: IOAPIC[0]: apic_id 8, version 17, address 0xfec00000, GSI 0-23
2026-04-07T09:17:29.876649-03:00 LAPTOP-VLTTGN59 kernel: ACPI: INT_SRC_OVR (bus 0 bus_irq 9 global_irq 9 high level)
2026-04-07T09:17:29.876649-03:00 LAPTOP-VLTTGN59 kernel: ACPI: Using ACPI (MADT) for SMP configuration information
2026-04-07T09:17:29.876650-03:00 LAPTOP-VLTTGN59 kernel: smpboot: Allowing 8 CPUs, 0 hotplug CPUs
2026-04-07T09:17:29.876654-03:00 LAPTOP-VLTTGN59 kernel: PM: hibernation: Registered nosave memory: [mem 0x00000000-0x00000fff]
2026-04-07T09:17:29.876655-03:00 LAPTOP-VLTTGN59 kernel: PM: hibernation: Registered nosave memory: [mem 0x000a0000-0x000dffff]
2026-04-07T09:17:29.876656-03:00 LAPTOP-VLTTGN59 kernel: PM: hibernation: Registered nosave memory: [mem 0x000e0000-0x000e0fff]
2026-04-07T09:17:29.876656-03:00 LAPTOP-VLTTGN59 kernel: PM: hibernation: Registered nosave memory: [mem 0x000e1000-0x000fffff]
2026-04-07T09:17:29.876657-03:00 LAPTOP-VLTTGN59 kernel: PM: hibernation: Registered nosave memory: [mem 0x00100000-0x001fffff]
2026-04-07T09:17:29.876658-03:00 LAPTOP-VLTTGN59 kernel: PM: hibernation: Registered nosave memory: [mem 0xf8000000-0xffffffff]
2026-04-07T09:17:29.876663-03:00 LAPTOP-VLTTGN59 kernel: [mem 0xf8000000-0xffffffff] available for PCI devices
2026-04-07T09:17:29.876663-03:00 LAPTOP-VLTTGN59 kernel: Booting paravirtualized kernel on Hyper-V
2026-04-07T09:17:29.876664-03:00 LAPTOP-VLTTGN59 kernel: clocksource: refined-jiffies: mask: 0xffffffff max_cycles: 0xffffffff, max_idle_ns: 7645519600211568 ns
2026-04-07T09:17:29.876665-03:00 LAPTOP-VLTTGN59 kernel: setup_percpu: NR_CPUS:8192 nr_cpumask_bits:8 nr_cpu_ids:8 nr_node_ids:1
2026-04-07T09:17:29.876666-03:00 LAPTOP-VLTTGN59 kernel: percpu: Embedded 63 pages/cpu s221184 r8192 d28672 u262144
2026-04-07T09:17:29.876667-03:00 LAPTOP-VLTTGN59 kernel: pcpu-alloc: s221184 r8192 d28672 u262144 alloc=1*2097152
2026-04-07T09:17:29.876803-03:00 LAPTOP-VLTTGN59 kernel: pcpu-alloc: [0] 0 1 2 3 4 5 6 7 
2026-04-07T09:17:29.876810-03:00 LAPTOP-VLTTGN59 kernel: Hyper-V: PV spinlocks enabled
2026-04-07T09:17:29.876812-03:00 LAPTOP-VLTTGN59 kernel: PV qspinlock hash table entries: 256 (order: 0, 4096 bytes, linear)
2026-04-07T09:17:29.876994-03:00 LAPTOP-VLTTGN59 kernel: Kernel command line: initrd=\initrd.img WSL_ROOT_INIT=1 panic=-1 nr_cpus=8 hv_utils.timesync_implicit=1 console=hvc0 debug pty.legacy_count=0 WSL_ENABLE_CRASH_DUMP=1
2026-04-07T09:17:29.876997-03:00 LAPTOP-VLTTGN59 kernel: Unknown kernel command line parameters "WSL_ROOT_INIT=1 WSL_ENABLE_CRASH_DUMP=1", will be passed to user space.
2026-04-07T09:17:29.876998-03:00 LAPTOP-VLTTGN59 kernel: random: crng init done
2026-04-07T09:17:29.877008-03:00 LAPTOP-VLTTGN59 kernel: Dentry cache hash table entries: 2097152 (order: 12, 16777216 bytes, linear)
2026-04-07T09:17:29.877009-03:00 LAPTOP-VLTTGN59 kernel: Inode-cache hash table entries: 1048576 (order: 11, 8388608 bytes, linear)
2026-04-07T09:17:29.877010-03:00 LAPTOP-VLTTGN59 kernel: Fallback order for Node 0: 0 
2026-04-07T09:17:29.877011-03:00 LAPTOP-VLTTGN59 kernel: Built 1 zonelists, mobility grouping on.  Total pages: 2305784
2026-04-07T09:17:29.877012-03:00 LAPTOP-VLTTGN59 kernel: Policy zone: Normal
2026-04-07T09:17:29.877013-03:00 LAPTOP-VLTTGN59 kernel: mem auto-init: stack:off, heap alloc:on, heap free:off
2026-04-07T09:17:29.877013-03:00 LAPTOP-VLTTGN59 kernel: software IO TLB: area num 8.
2026-04-07T09:17:29.877028-03:00 LAPTOP-VLTTGN59 kernel: Memory: 4123740K/9372284K available (20480K kernel code, 3457K rwdata, 13496K rodata, 4492K init, 6208K bss, 293156K reserved, 0K cma-reserved)
2026-04-07T09:17:29.877029-03:00 LAPTOP-VLTTGN59 kernel: SLUB: HWalign=64, Order=0-3, MinObjects=0, CPUs=8, Nodes=1
2026-04-07T09:17:29.877029-03:00 LAPTOP-VLTTGN59 kernel: ftrace: allocating 55808 entries in 218 pages
2026-04-07T09:17:29.877030-03:00 LAPTOP-VLTTGN59 kernel: ftrace: allocated 218 pages with 5 groups
2026-04-07T09:17:29.877030-03:00 LAPTOP-VLTTGN59 kernel: Dynamic Preempt: none
2026-04-07T09:17:29.877031-03:00 LAPTOP-VLTTGN59 kernel: rcu: Preemptible hierarchical RCU implementation.
2026-04-07T09:17:29.877035-03:00 LAPTOP-VLTTGN59 kernel: rcu: 	RCU restricting CPUs from NR_CPUS=8192 to nr_cpu_ids=8.
2026-04-07T09:17:29.877036-03:00 LAPTOP-VLTTGN59 kernel: 	Trampoline variant of Tasks RCU enabled.
2026-04-07T09:17:29.877037-03:00 LAPTOP-VLTTGN59 kernel: 	Rude variant of Tasks RCU enabled.
2026-04-07T09:17:29.877038-03:00 LAPTOP-VLTTGN59 kernel: 	Tracing variant of Tasks RCU enabled.
2026-04-07T09:17:29.877039-03:00 LAPTOP-VLTTGN59 kernel: rcu: RCU calculated value of scheduler-enlistment delay is 25 jiffies.
2026-04-07T09:17:29.877039-03:00 LAPTOP-VLTTGN59 kernel: rcu: Adjusting geometry for rcu_fanout_leaf=16, nr_cpu_ids=8
2026-04-07T09:17:29.877044-03:00 LAPTOP-VLTTGN59 kernel: Using NULL legacy PIC
2026-04-07T09:17:29.877045-03:00 LAPTOP-VLTTGN59 kernel: NR_IRQS: 524544, nr_irqs: 488, preallocated irqs: 0
2026-04-07T09:17:29.877046-03:00 LAPTOP-VLTTGN59 kernel: rcu: srcu_init: Setting srcu_struct sizes based on contention.
2026-04-07T09:17:29.877047-03:00 LAPTOP-VLTTGN59 kernel: Console: colour dummy device 80x25
2026-04-07T09:17:29.877048-03:00 LAPTOP-VLTTGN59 kernel: ACPI: Core revision 20230628
2026-04-07T09:17:29.877048-03:00 LAPTOP-VLTTGN59 kernel: Failed to register legacy timer interrupt
2026-04-07T09:17:29.877049-03:00 LAPTOP-VLTTGN59 kernel: APIC: Switch to symmetric I/O mode setup
2026-04-07T09:17:29.877055-03:00 LAPTOP-VLTTGN59 kernel: Hyper-V: Host Build 10.0.22621.4890-4-0
2026-04-07T09:17:29.877057-03:00 LAPTOP-VLTTGN59 kernel: Hyper-V: enabling crash_kexec_post_notifiers
2026-04-07T09:17:29.877057-03:00 LAPTOP-VLTTGN59 kernel: Hyper-V: Using IPI hypercalls
2026-04-07T09:17:29.877058-03:00 LAPTOP-VLTTGN59 kernel: APIC: send_IPI() replaced with hv_send_ipi()
2026-04-07T09:17:29.877059-03:00 LAPTOP-VLTTGN59 kernel: APIC: send_IPI_mask() replaced with hv_send_ipi_mask()
2026-04-07T09:17:29.877060-03:00 LAPTOP-VLTTGN59 kernel: APIC: send_IPI_mask_allbutself() replaced with hv_send_ipi_mask_allbutself()
2026-04-07T09:17:29.877065-03:00 LAPTOP-VLTTGN59 kernel: APIC: send_IPI_allbutself() replaced with hv_send_ipi_allbutself()
2026-04-07T09:17:29.877066-03:00 LAPTOP-VLTTGN59 kernel: APIC: send_IPI_all() replaced with hv_send_ipi_all()
2026-04-07T09:17:29.877066-03:00 LAPTOP-VLTTGN59 kernel: APIC: send_IPI_self() replaced with hv_send_ipi_self()
2026-04-07T09:17:29.877067-03:00 LAPTOP-VLTTGN59 kernel: Hyper-V: Using enlightened APIC (xapic mode)
2026-04-07T09:17:29.877068-03:00 LAPTOP-VLTTGN59 kernel: APIC: eoi() replaced with hv_apic_eoi_write()
2026-04-07T09:17:29.877069-03:00 LAPTOP-VLTTGN59 kernel: APIC: read() replaced with hv_apic_read()
2026-04-07T09:17:29.877074-03:00 LAPTOP-VLTTGN59 kernel: APIC: write() replaced with hv_apic_write()
2026-04-07T09:17:29.877075-03:00 LAPTOP-VLTTGN59 kernel: APIC: icr_write() replaced with hv_apic_icr_write()
2026-04-07T09:17:29.877076-03:00 LAPTOP-VLTTGN59 kernel: APIC: icr_read() replaced with hv_apic_icr_read()
2026-04-07T09:17:29.877077-03:00 LAPTOP-VLTTGN59 kernel: clocksource: tsc-early: mask: 0xffffffffffffffff max_cycles: 0x1e36616fc75, max_idle_ns: 440795221078 ns
2026-04-07T09:17:29.877078-03:00 LAPTOP-VLTTGN59 kernel: Calibrating delay loop (skipped), value calculated using timer frequency.. 4191.97 BogoMIPS (lpj=8383948)
2026-04-07T09:17:29.877079-03:00 LAPTOP-VLTTGN59 kernel: AMD Zen1 DIV0 bug detected. Disable SMT for full protection.
2026-04-07T09:17:29.877084-03:00 LAPTOP-VLTTGN59 kernel: Last level iTLB entries: 4KB 1024, 2MB 1024, 4MB 512
2026-04-07T09:17:29.877085-03:00 LAPTOP-VLTTGN59 kernel: Last level dTLB entries: 4KB 1536, 2MB 1536, 4MB 768, 1GB 0
2026-04-07T09:17:29.877085-03:00 LAPTOP-VLTTGN59 kernel: Spectre V1 : Mitigation: usercopy/swapgs barriers and __user pointer sanitization
2026-04-07T09:17:29.877086-03:00 LAPTOP-VLTTGN59 kernel: Spectre V2 : Mitigation: Retpolines
2026-04-07T09:17:29.877087-03:00 LAPTOP-VLTTGN59 kernel: Spectre V2 : Spectre v2 / SpectreRSB mitigation: Filling RSB on context switch
2026-04-07T09:17:29.877087-03:00 LAPTOP-VLTTGN59 kernel: Spectre V2 : Spectre v2 / SpectreRSB : Filling RSB on VMEXIT
2026-04-07T09:17:29.877088-03:00 LAPTOP-VLTTGN59 kernel: Spectre V2 : Enabling Speculation Barrier for firmware calls
2026-04-07T09:17:29.877094-03:00 LAPTOP-VLTTGN59 kernel: RETBleed: Mitigation: untrained return thunk
2026-04-07T09:17:29.877095-03:00 LAPTOP-VLTTGN59 kernel: Spectre V2 : mitigation: Enabling conditional Indirect Branch Prediction Barrier
2026-04-07T09:17:29.877096-03:00 LAPTOP-VLTTGN59 kernel: Speculative Store Bypass: Mitigation: Speculative Store Bypass disabled via prctl
2026-04-07T09:17:29.877097-03:00 LAPTOP-VLTTGN59 kernel: Speculative Return Stack Overflow: IBPB-extending microcode not applied!
2026-04-07T09:17:29.877097-03:00 LAPTOP-VLTTGN59 kernel: Speculative Return Stack Overflow: WARNING: See https://kernel.org/doc/html/latest/admin-guide/hw-vuln/srso.html for mitigation options.
2026-04-07T09:17:29.877098-03:00 LAPTOP-VLTTGN59 kernel: Speculative Return Stack Overflow: Vulnerable: Safe RET, no microcode
2026-04-07T09:17:29.877104-03:00 LAPTOP-VLTTGN59 kernel: x86/fpu: Supporting XSAVE feature 0x001: 'x87 floating point registers'
2026-04-07T09:17:29.877105-03:00 LAPTOP-VLTTGN59 kernel: x86/fpu: Supporting XSAVE feature 0x002: 'SSE registers'
2026-04-07T09:17:29.877106-03:00 LAPTOP-VLTTGN59 kernel: x86/fpu: Supporting XSAVE feature 0x004: 'AVX registers'
2026-04-07T09:17:29.877107-03:00 LAPTOP-VLTTGN59 kernel: x86/fpu: xstate_offset[2]:  576, xstate_sizes[2]:  256
2026-04-07T09:17:29.877108-03:00 LAPTOP-VLTTGN59 kernel: x86/fpu: Enabled xstate features 0x7, context size is 832 bytes, using 'compacted' format.
2026-04-07T09:17:29.877109-03:00 LAPTOP-VLTTGN59 kernel: Freeing SMP alternatives memory: 44K
2026-04-07T09:17:29.877114-03:00 LAPTOP-VLTTGN59 kernel: pid_max: default: 32768 minimum: 301
2026-04-07T09:17:29.877115-03:00 LAPTOP-VLTTGN59 kernel: LSM: initializing lsm=capability,landlock,yama,safesetid,selinux,integrity
2026-04-07T09:17:29.877115-03:00 LAPTOP-VLTTGN59 kernel: landlock: Up and running.
2026-04-07T09:17:29.877116-03:00 LAPTOP-VLTTGN59 kernel: Yama: becoming mindful.
2026-04-07T09:17:29.877117-03:00 LAPTOP-VLTTGN59 kernel: SELinux:  Initializing.
2026-04-07T09:17:29.877118-03:00 LAPTOP-VLTTGN59 kernel: Mount-cache hash table entries: 32768 (order: 6, 262144 bytes, linear)
2026-04-07T09:17:29.877118-03:00 LAPTOP-VLTTGN59 kernel: Mountpoint-cache hash table entries: 32768 (order: 6, 262144 bytes, linear)
2026-04-07T09:17:29.877123-03:00 LAPTOP-VLTTGN59 kernel: smpboot: CPU0: AMD Ryzen 5 3500U with Radeon Vega Mobile Gfx (family: 0x17, model: 0x18, stepping: 0x1)
2026-04-07T09:17:29.877124-03:00 LAPTOP-VLTTGN59 kernel: RCU Tasks: Setting shift to 3 and lim to 1 rcu_task_cb_adjust=1 rcu_task_cpu_ids=8.
2026-04-07T09:17:29.877125-03:00 LAPTOP-VLTTGN59 kernel: RCU Tasks Rude: Setting shift to 3 and lim to 1 rcu_task_cb_adjust=1 rcu_task_cpu_ids=8.
2026-04-07T09:17:29.877126-03:00 LAPTOP-VLTTGN59 kernel: RCU Tasks Trace: Setting shift to 3 and lim to 1 rcu_task_cb_adjust=1 rcu_task_cpu_ids=8.
2026-04-07T09:17:29.877126-03:00 LAPTOP-VLTTGN59 kernel: Performance Events: Fam17h+ core perfctr, AMD PMU driver.
2026-04-07T09:17:29.877127-03:00 LAPTOP-VLTTGN59 kernel: ... version:                0
2026-04-07T09:17:29.877132-03:00 LAPTOP-VLTTGN59 kernel: ... bit width:              48
2026-04-07T09:17:29.877133-03:00 LAPTOP-VLTTGN59 kernel: ... generic registers:      6
2026-04-07T09:17:29.877134-03:00 LAPTOP-VLTTGN59 kernel: ... value mask:             0000ffffffffffff
2026-04-07T09:17:29.877134-03:00 LAPTOP-VLTTGN59 kernel: ... max period:             00007fffffffffff
2026-04-07T09:17:29.877135-03:00 LAPTOP-VLTTGN59 kernel: ... fixed-purpose events:   0
2026-04-07T09:17:29.877136-03:00 LAPTOP-VLTTGN59 kernel: ... event mask:             000000000000003f
2026-04-07T09:17:29.877142-03:00 LAPTOP-VLTTGN59 kernel: signal: max sigframe size: 1776
2026-04-07T09:17:29.877143-03:00 LAPTOP-VLTTGN59 kernel: rcu: Hierarchical SRCU implementation.
2026-04-07T09:17:29.877144-03:00 LAPTOP-VLTTGN59 kernel: rcu: 	Max phase no-delay instances is 1000.
2026-04-07T09:17:29.877145-03:00 LAPTOP-VLTTGN59 kernel: smp: Bringing up secondary CPUs ...
2026-04-07T09:17:29.877145-03:00 LAPTOP-VLTTGN59 kernel: smpboot: x86: Booting SMP configuration:
2026-04-07T09:17:29.877146-03:00 LAPTOP-VLTTGN59 kernel: .... node  #0, CPUs:      #2 #4 #6 #1 #3 #5 #7
2026-04-07T09:17:29.877147-03:00 LAPTOP-VLTTGN59 kernel: smp: Brought up 1 node, 8 CPUs
2026-04-07T09:17:29.877151-03:00 LAPTOP-VLTTGN59 kernel: smpboot: Max logical packages: 1
2026-04-07T09:17:29.877152-03:00 LAPTOP-VLTTGN59 kernel: smpboot: Total of 8 processors activated (33535.79 BogoMIPS)
2026-04-07T09:17:29.877153-03:00 LAPTOP-VLTTGN59 kernel: node 0 deferred pages initialised in 32ms
2026-04-07T09:17:29.877154-03:00 LAPTOP-VLTTGN59 kernel: devtmpfs: initialized
2026-04-07T09:17:29.877155-03:00 LAPTOP-VLTTGN59 kernel: x86/mm: Memory block size: 128MB
2026-04-07T09:17:29.877156-03:00 LAPTOP-VLTTGN59 kernel: clocksource: jiffies: mask: 0xffffffff max_cycles: 0xffffffff, max_idle_ns: 7645041785100000 ns
2026-04-07T09:17:29.877542-03:00 LAPTOP-VLTTGN59 kernel: futex hash table entries: 2048 (order: 5, 131072 bytes, linear)
2026-04-07T09:17:29.877553-03:00 LAPTOP-VLTTGN59 kernel: pinctrl core: initialized pinctrl subsystem
2026-04-07T09:17:29.877554-03:00 LAPTOP-VLTTGN59 kernel: NET: Registered PF_NETLINK/PF_ROUTE protocol family
2026-04-07T09:17:29.877555-03:00 LAPTOP-VLTTGN59 kernel: DMA: preallocated 2048 KiB GFP_KERNEL pool for atomic allocations
2026-04-07T09:17:29.877555-03:00 LAPTOP-VLTTGN59 kernel: DMA: preallocated 2048 KiB GFP_KERNEL|GFP_DMA32 pool for atomic allocations
2026-04-07T09:17:29.877556-03:00 LAPTOP-VLTTGN59 kernel: audit: initializing netlink subsys (disabled)
2026-04-07T09:17:29.877557-03:00 LAPTOP-VLTTGN59 kernel: audit: type=2000 audit(1775564241.076:1): state=initialized audit_enabled=0 res=1
2026-04-07T09:17:29.877588-03:00 LAPTOP-VLTTGN59 kernel: thermal_sys: Registered thermal governor 'step_wise'
2026-04-07T09:17:29.877589-03:00 LAPTOP-VLTTGN59 kernel: thermal_sys: Registered thermal governor 'user_space'
2026-04-07T09:17:29.877590-03:00 LAPTOP-VLTTGN59 kernel: cpuidle: using governor ladder
2026-04-07T09:17:29.877590-03:00 LAPTOP-VLTTGN59 kernel: cpuidle: using governor menu
2026-04-07T09:17:29.877793-03:00 LAPTOP-VLTTGN59 kernel: acpiphp: ACPI Hot Plug PCI Controller Driver version: 0.5
2026-04-07T09:17:29.877798-03:00 LAPTOP-VLTTGN59 kernel: dca service started, version 1.12.1
2026-04-07T09:17:29.877827-03:00 LAPTOP-VLTTGN59 kernel: PCI: Fatal: No config space access function found
2026-04-07T09:17:29.877828-03:00 LAPTOP-VLTTGN59 kernel: kprobes: kprobe jump-optimization is enabled. All kprobes are optimized if possible.
2026-04-07T09:17:29.877829-03:00 LAPTOP-VLTTGN59 kernel: HugeTLB: registered 1.00 GiB page size, pre-allocated 0 pages
2026-04-07T09:17:29.877829-03:00 LAPTOP-VLTTGN59 kernel: HugeTLB: 16380 KiB vmemmap can be freed for a 1.00 GiB page
2026-04-07T09:17:29.877830-03:00 LAPTOP-VLTTGN59 kernel: HugeTLB: registered 2.00 MiB page size, pre-allocated 0 pages
2026-04-07T09:17:29.877831-03:00 LAPTOP-VLTTGN59 kernel: HugeTLB: 28 KiB vmemmap can be freed for a 2.00 MiB page
2026-04-07T09:17:29.877839-03:00 LAPTOP-VLTTGN59 kernel: cryptd: max_cpu_qlen set to 1000
2026-04-07T09:17:29.877840-03:00 LAPTOP-VLTTGN59 kernel: ACPI: Added _OSI(Module Device)
2026-04-07T09:17:29.877840-03:00 LAPTOP-VLTTGN59 kernel: ACPI: Added _OSI(Processor Device)
2026-04-07T09:17:29.877841-03:00 LAPTOP-VLTTGN59 kernel: ACPI: Added _OSI(3.0 _SCP Extensions)
2026-04-07T09:17:29.877841-03:00 LAPTOP-VLTTGN59 kernel: ACPI: Added _OSI(Processor Aggregator Device)
2026-04-07T09:17:29.877842-03:00 LAPTOP-VLTTGN59 kernel: ACPI: 1 ACPI AML tables successfully acquired and loaded
2026-04-07T09:17:29.877843-03:00 LAPTOP-VLTTGN59 kernel: ACPI: _OSC evaluation for CPUs failed, trying _PDC
2026-04-07T09:17:29.877851-03:00 LAPTOP-VLTTGN59 kernel: ACPI: Interpreter enabled
2026-04-07T09:17:29.877852-03:00 LAPTOP-VLTTGN59 kernel: ACPI: PM: (supports S0 S5)
2026-04-07T09:17:29.877853-03:00 LAPTOP-VLTTGN59 kernel: ACPI: Using IOAPIC for interrupt routing
2026-04-07T09:17:29.877853-03:00 LAPTOP-VLTTGN59 kernel: PCI: Using host bridge windows from ACPI; if necessary, use "pci=nocrs" and report a bug
2026-04-07T09:17:29.877854-03:00 LAPTOP-VLTTGN59 kernel: PCI: Using E820 reservations for host bridge windows
2026-04-07T09:17:29.877855-03:00 LAPTOP-VLTTGN59 kernel: ACPI: Enabled 2 GPEs in block 00 to 0F
2026-04-07T09:17:29.877863-03:00 LAPTOP-VLTTGN59 kernel: iommu: Default domain type: Translated
2026-04-07T09:17:29.877864-03:00 LAPTOP-VLTTGN59 kernel: iommu: DMA domain TLB invalidation policy: lazy mode
2026-04-07T09:17:29.877866-03:00 LAPTOP-VLTTGN59 kernel: SCSI subsystem initialized
2026-04-07T09:17:29.877866-03:00 LAPTOP-VLTTGN59 kernel: libata version 3.00 loaded.
2026-04-07T09:17:29.877867-03:00 LAPTOP-VLTTGN59 kernel: pps_core: LinuxPPS API ver. 1 registered
2026-04-07T09:17:29.877868-03:00 LAPTOP-VLTTGN59 kernel: pps_core: Software ver. 5.3.6 - Copyright 2005-2007 Rodolfo Giometti <giometti@linux.it>
2026-04-07T09:17:29.877869-03:00 LAPTOP-VLTTGN59 kernel: PTP clock support registered
2026-04-07T09:17:29.877878-03:00 LAPTOP-VLTTGN59 kernel: EDAC MC: Ver: 3.0.0
2026-04-07T09:17:29.877879-03:00 LAPTOP-VLTTGN59 kernel: hv_vmbus: Vmbus version:5.3
2026-04-07T09:17:29.877880-03:00 LAPTOP-VLTTGN59 kernel: hv_vmbus: Unknown GUID: 6e382d18-3336-4f4b-acc4-2b7703d4df4a
2026-04-07T09:17:29.877881-03:00 LAPTOP-VLTTGN59 kernel: hv_vmbus: Unknown GUID: dde9cbc0-5060-4436-9448-ea1254a5d177
2026-04-07T09:17:29.877881-03:00 LAPTOP-VLTTGN59 kernel: NetLabel: Initializing
2026-04-07T09:17:29.877882-03:00 LAPTOP-VLTTGN59 kernel: NetLabel:  domain hash size = 128
2026-04-07T09:17:29.877890-03:00 LAPTOP-VLTTGN59 kernel: NetLabel:  protocols = UNLABELED CIPSOv4 CALIPSO
2026-04-07T09:17:29.877891-03:00 LAPTOP-VLTTGN59 kernel: NetLabel:  unlabeled traffic allowed by default
2026-04-07T09:17:29.877892-03:00 LAPTOP-VLTTGN59 kernel: PCI: Using ACPI for IRQ routing
2026-04-07T09:17:29.877892-03:00 LAPTOP-VLTTGN59 kernel: PCI: System does not support PCI
2026-04-07T09:17:29.877893-03:00 LAPTOP-VLTTGN59 kernel: vgaarb: loaded
2026-04-07T09:17:29.877894-03:00 LAPTOP-VLTTGN59 kernel: clocksource: Switched to clocksource tsc-early
2026-04-07T09:17:29.877902-03:00 LAPTOP-VLTTGN59 kernel: VFS: Disk quotas dquot_6.6.0
2026-04-07T09:17:29.877903-03:00 LAPTOP-VLTTGN59 kernel: VFS: Dquot-cache hash table entries: 512 (order 0, 4096 bytes)
2026-04-07T09:17:29.877904-03:00 LAPTOP-VLTTGN59 kernel: FS-Cache: Loaded
2026-04-07T09:17:29.877905-03:00 LAPTOP-VLTTGN59 kernel: pnp: PnP ACPI init
2026-04-07T09:17:29.877906-03:00 LAPTOP-VLTTGN59 kernel: pnp: PnP ACPI: found 1 devices
2026-04-07T09:17:29.877906-03:00 LAPTOP-VLTTGN59 kernel: clocksource: acpi_pm: mask: 0xffffff max_cycles: 0xffffff, max_idle_ns: 2085701024 ns
2026-04-07T09:17:29.877908-03:00 LAPTOP-VLTTGN59 kernel: NET: Registered PF_INET protocol family
2026-04-07T09:17:29.877916-03:00 LAPTOP-VLTTGN59 kernel: IP idents hash table entries: 262144 (order: 9, 2097152 bytes, linear)
2026-04-07T09:17:29.877917-03:00 LAPTOP-VLTTGN59 kernel: tcp_listen_portaddr_hash hash table entries: 8192 (order: 5, 131072 bytes, linear)
2026-04-07T09:17:29.877918-03:00 LAPTOP-VLTTGN59 kernel: Table-perturb hash table entries: 65536 (order: 6, 262144 bytes, linear)
2026-04-07T09:17:29.877918-03:00 LAPTOP-VLTTGN59 kernel: TCP established hash table entries: 131072 (order: 8, 1048576 bytes, linear)
2026-04-07T09:17:29.877919-03:00 LAPTOP-VLTTGN59 kernel: TCP bind hash table entries: 65536 (order: 9, 2097152 bytes, linear)
2026-04-07T09:17:29.877919-03:00 LAPTOP-VLTTGN59 kernel: TCP: Hash tables configured (established 131072 bind 65536)
2026-04-07T09:17:29.877926-03:00 LAPTOP-VLTTGN59 kernel: UDP hash table entries: 8192 (order: 6, 262144 bytes, linear)
2026-04-07T09:17:29.877926-03:00 LAPTOP-VLTTGN59 kernel: UDP-Lite hash table entries: 8192 (order: 6, 262144 bytes, linear)
2026-04-07T09:17:29.877927-03:00 LAPTOP-VLTTGN59 kernel: NET: Registered PF_UNIX/PF_LOCAL protocol family
2026-04-07T09:17:29.877927-03:00 LAPTOP-VLTTGN59 kernel: NET: Registered PF_XDP protocol family
2026-04-07T09:17:29.877928-03:00 LAPTOP-VLTTGN59 kernel: PCI: CLS 0 bytes, default 64
2026-04-07T09:17:29.877929-03:00 LAPTOP-VLTTGN59 kernel: PCI-DMA: Using software bounce buffering for IO (SWIOTLB)
2026-04-07T09:17:29.877929-03:00 LAPTOP-VLTTGN59 kernel: software IO TLB: mapped [mem 0x00000000f4000000-0x00000000f8000000] (64MB)
2026-04-07T09:17:29.877937-03:00 LAPTOP-VLTTGN59 kernel: Trying to unpack rootfs image as initramfs...
2026-04-07T09:17:29.877939-03:00 LAPTOP-VLTTGN59 kernel: clocksource: tsc: mask: 0xffffffffffffffff max_cycles: 0x1e36616fc75, max_idle_ns: 440795221078 ns
2026-04-07T09:17:29.877939-03:00 LAPTOP-VLTTGN59 kernel: clocksource: Switched to clocksource tsc
2026-04-07T09:17:29.877940-03:00 LAPTOP-VLTTGN59 kernel: Freeing initrd memory: 2720K
2026-04-07T09:17:29.877941-03:00 LAPTOP-VLTTGN59 kernel: Initialise system trusted keyrings
2026-04-07T09:17:29.877942-03:00 LAPTOP-VLTTGN59 kernel: Key type blacklist registered
2026-04-07T09:17:29.877950-03:00 LAPTOP-VLTTGN59 kernel: workingset: timestamp_bits=36 max_order=22 bucket_order=0
2026-04-07T09:17:29.877951-03:00 LAPTOP-VLTTGN59 kernel: squashfs: version 4.0 (2009/01/31) Phillip Lougher
2026-04-07T09:17:29.877952-03:00 LAPTOP-VLTTGN59 kernel: fuse: init (API version 7.39)
2026-04-07T09:17:29.877952-03:00 LAPTOP-VLTTGN59 kernel: SGI XFS with ACLs, security attributes, realtime, verbose warnings, quota, no debug enabled
2026-04-07T09:17:29.877953-03:00 LAPTOP-VLTTGN59 kernel: 9p: Installing v9fs 9p2000 file system support
2026-04-07T09:17:29.877954-03:00 LAPTOP-VLTTGN59 kernel: Key type asymmetric registered
2026-04-07T09:17:29.877962-03:00 LAPTOP-VLTTGN59 kernel: Asymmetric key parser 'x509' registered
2026-04-07T09:17:29.877963-03:00 LAPTOP-VLTTGN59 kernel: Block layer SCSI generic (bsg) driver version 0.4 loaded (major 245)
2026-04-07T09:17:29.877963-03:00 LAPTOP-VLTTGN59 kernel: io scheduler mq-deadline registered
2026-04-07T09:17:29.877964-03:00 LAPTOP-VLTTGN59 kernel: io scheduler kyber registered
2026-04-07T09:17:29.877965-03:00 LAPTOP-VLTTGN59 kernel: hv_vmbus: registering driver hv_pci
2026-04-07T09:17:29.877966-03:00 LAPTOP-VLTTGN59 kernel: hv_pci d8c2e09c-c4de-4033-9f94-cb6f6b281bf9: PCI VMBus probing: Using version 0x10004
2026-04-07T09:17:29.877966-03:00 LAPTOP-VLTTGN59 kernel: hv_pci d8c2e09c-c4de-4033-9f94-cb6f6b281bf9: PCI host bridge to bus c4de:00
2026-04-07T09:17:29.877974-03:00 LAPTOP-VLTTGN59 kernel: pci_bus c4de:00: root bus resource [mem 0x9ffe00000-0x9ffe02fff window]
2026-04-07T09:17:29.877975-03:00 LAPTOP-VLTTGN59 kernel: pci_bus c4de:00: No busn resource found for root bus, will use [bus 00-ff]
2026-04-07T09:17:29.877976-03:00 LAPTOP-VLTTGN59 kernel: pci c4de:00:00.0: [1af4:1043] type 00 class 0x010000
2026-04-07T09:17:29.877977-03:00 LAPTOP-VLTTGN59 kernel: pci c4de:00:00.0: reg 0x10: [mem 0x9ffe00000-0x9ffe00fff 64bit]
2026-04-07T09:17:29.877977-03:00 LAPTOP-VLTTGN59 kernel: pci c4de:00:00.0: reg 0x18: [mem 0x9ffe01000-0x9ffe01fff 64bit]
2026-04-07T09:17:29.877978-03:00 LAPTOP-VLTTGN59 kernel: pci c4de:00:00.0: reg 0x20: [mem 0x9ffe02000-0x9ffe02fff 64bit]
2026-04-07T09:17:29.877991-03:00 LAPTOP-VLTTGN59 kernel: pci_bus c4de:00: busn_res: [bus 00-ff] end is updated to 00
2026-04-07T09:17:29.877992-03:00 LAPTOP-VLTTGN59 kernel: pci c4de:00:00.0: BAR 0: assigned [mem 0x9ffe00000-0x9ffe00fff 64bit]
2026-04-07T09:17:29.877993-03:00 LAPTOP-VLTTGN59 kernel: pci c4de:00:00.0: BAR 2: assigned [mem 0x9ffe01000-0x9ffe01fff 64bit]
2026-04-07T09:17:29.877994-03:00 LAPTOP-VLTTGN59 kernel: pci c4de:00:00.0: BAR 4: assigned [mem 0x9ffe02000-0x9ffe02fff 64bit]
2026-04-07T09:17:29.877994-03:00 LAPTOP-VLTTGN59 kernel: hv_pci b8f34b3a-aae0-4074-b4c4-d3cc7645df8e: PCI VMBus probing: Using version 0x10004
2026-04-07T09:17:29.877995-03:00 LAPTOP-VLTTGN59 kernel: hv_pci b8f34b3a-aae0-4074-b4c4-d3cc7645df8e: PCI host bridge to bus aae0:00
2026-04-07T09:17:29.877996-03:00 LAPTOP-VLTTGN59 kernel: pci_bus aae0:00: No busn resource found for root bus, will use [bus 00-ff]
2026-04-07T09:17:29.878013-03:00 LAPTOP-VLTTGN59 kernel: pci aae0:00:00.0: [1414:008e] type 00 class 0x030200
2026-04-07T09:17:29.878015-03:00 LAPTOP-VLTTGN59 kernel: pci_bus aae0:00: busn_res: [bus 00-ff] end is updated to 00
2026-04-07T09:17:29.878016-03:00 LAPTOP-VLTTGN59 kernel: ioatdma: Intel(R) QuickData Technology Driver 5.00
2026-04-07T09:17:29.878016-03:00 LAPTOP-VLTTGN59 kernel: virtio-pci c4de:00:00.0: enabling device (0000 -> 0002)
2026-04-07T09:17:29.878017-03:00 LAPTOP-VLTTGN59 kernel: Serial: 8250/16550 driver, 8 ports, IRQ sharing enabled
2026-04-07T09:17:29.878018-03:00 LAPTOP-VLTTGN59 kernel: Linux agpgart interface v0.103
2026-04-07T09:17:29.878027-03:00 LAPTOP-VLTTGN59 kernel: AMD-Vi: AMD IOMMUv2 functionality not available on this system - This is not a bug.
2026-04-07T09:17:29.878029-03:00 LAPTOP-VLTTGN59 kernel: ACPI: bus type drm_connector registered
2026-04-07T09:17:29.878029-03:00 LAPTOP-VLTTGN59 kernel: printk: console [hvc0] enabled
2026-04-07T09:17:29.878030-03:00 LAPTOP-VLTTGN59 kernel: brd: module loaded
2026-04-07T09:17:29.878031-03:00 LAPTOP-VLTTGN59 kernel: loop: module loaded
2026-04-07T09:17:29.878032-03:00 LAPTOP-VLTTGN59 kernel: Loading iSCSI transport class v2.0-870.
2026-04-07T09:17:29.878040-03:00 LAPTOP-VLTTGN59 kernel: rdac: device handler registered
2026-04-07T09:17:29.878041-03:00 LAPTOP-VLTTGN59 kernel: Microchip SmartPQI Driver (v2.1.24-046)
2026-04-07T09:17:29.878042-03:00 LAPTOP-VLTTGN59 kernel: VMware PVSCSI driver - version 1.0.7.0-k
2026-04-07T09:17:29.878042-03:00 LAPTOP-VLTTGN59 kernel: hv_vmbus: registering driver hv_storvsc
2026-04-07T09:17:29.878043-03:00 LAPTOP-VLTTGN59 kernel: scsi host0: storvsc_host_t
2026-04-07T09:17:29.878044-03:00 LAPTOP-VLTTGN59 kernel: PPP generic driver version 2.4.2
2026-04-07T09:17:29.878045-03:00 LAPTOP-VLTTGN59 kernel: VMware vmxnet3 virtual NIC driver - version 1.7.0.0-k-NAPI
2026-04-07T09:17:29.878053-03:00 LAPTOP-VLTTGN59 kernel: hv_vmbus: registering driver hv_netvsc
2026-04-07T09:17:29.878054-03:00 LAPTOP-VLTTGN59 kernel: Fusion MPT base driver 3.04.20
2026-04-07T09:17:29.878054-03:00 LAPTOP-VLTTGN59 kernel: Copyright (c) 1999-2008 LSI Corporation
2026-04-07T09:17:29.878055-03:00 LAPTOP-VLTTGN59 kernel: Fusion MPT SPI Host driver 3.04.20
2026-04-07T09:17:29.878055-03:00 LAPTOP-VLTTGN59 kernel: Fusion MPT SAS Host driver 3.04.20
2026-04-07T09:17:29.878056-03:00 LAPTOP-VLTTGN59 kernel: Fusion MPT misc device (ioctl) driver 3.04.20
2026-04-07T09:17:29.878065-03:00 LAPTOP-VLTTGN59 kernel: mptctl: Registered with Fusion MPT base driver
2026-04-07T09:17:29.878066-03:00 LAPTOP-VLTTGN59 kernel: mptctl: /dev/mptctl @ (major,minor=10,220)
2026-04-07T09:17:29.878067-03:00 LAPTOP-VLTTGN59 kernel: i8042: PNP: No PS/2 controller found.
2026-04-07T09:17:29.878215-03:00 LAPTOP-VLTTGN59 kernel: hv_vmbus: registering driver hyperv_keyboard
2026-04-07T09:17:29.878217-03:00 LAPTOP-VLTTGN59 kernel: rtc_cmos 00:00: RTC can wake from S4
2026-04-07T09:17:29.878218-03:00 LAPTOP-VLTTGN59 kernel: rtc_cmos 00:00: registered as rtc0
2026-04-07T09:17:29.878219-03:00 LAPTOP-VLTTGN59 kernel: rtc_cmos 00:00: setting system clock to 2026-04-07T12:17:22 UTC (1775564242)
2026-04-07T09:17:29.878230-03:00 LAPTOP-VLTTGN59 kernel: rtc_cmos 00:00: alarms up to one month, 114 bytes nvram
2026-04-07T09:17:29.878231-03:00 LAPTOP-VLTTGN59 kernel: device-mapper: core: CONFIG_IMA_DISABLE_HTABLE is disabled. Duplicate IMA measurements will not be recorded in the IMA log.
2026-04-07T09:17:29.878232-03:00 LAPTOP-VLTTGN59 kernel: device-mapper: uevent: version 1.0.3
2026-04-07T09:17:29.878233-03:00 LAPTOP-VLTTGN59 kernel: device-mapper: ioctl: 4.48.0-ioctl (2023-03-01) initialised: dm-devel@redhat.com
2026-04-07T09:17:29.878234-03:00 LAPTOP-VLTTGN59 kernel: hv_utils: Registering HyperV Utility Driver
2026-04-07T09:17:29.878234-03:00 LAPTOP-VLTTGN59 kernel: hv_vmbus: registering driver hv_utils
2026-04-07T09:17:29.878242-03:00 LAPTOP-VLTTGN59 kernel: hv_vmbus: registering driver hv_balloon
2026-04-07T09:17:29.878243-03:00 LAPTOP-VLTTGN59 kernel: hv_utils: TimeSync IC version 4.0
2026-04-07T09:17:29.878244-03:00 LAPTOP-VLTTGN59 kernel: hv_vmbus: registering driver dxgkrnl
2026-04-07T09:17:29.878245-03:00 LAPTOP-VLTTGN59 kernel: hv_balloon: Using Dynamic Memory protocol version 2.0
2026-04-07T09:17:29.878246-03:00 LAPTOP-VLTTGN59 kernel: Free page reporting enabled
2026-04-07T09:17:29.878246-03:00 LAPTOP-VLTTGN59 kernel: drop_monitor: Initializing network drop monitor service
2026-04-07T09:17:29.878255-03:00 LAPTOP-VLTTGN59 kernel: hv_balloon: Cold memory discard hint enabled with order 9
2026-04-07T09:17:29.878256-03:00 LAPTOP-VLTTGN59 kernel: NET: Registered PF_INET6 protocol family
2026-04-07T09:17:29.878258-03:00 LAPTOP-VLTTGN59 kernel: Segment Routing with IPv6
2026-04-07T09:17:29.878260-03:00 LAPTOP-VLTTGN59 kernel: In-situ OAM (IOAM) with IPv6
2026-04-07T09:17:29.878261-03:00 LAPTOP-VLTTGN59 kernel: NET: Registered PF_PACKET protocol family
2026-04-07T09:17:29.878262-03:00 LAPTOP-VLTTGN59 kernel: 9pnet: Installing 9P2000 support
2026-04-07T09:17:29.878266-03:00 LAPTOP-VLTTGN59 kernel: NET: Registered PF_VSOCK protocol family
2026-04-07T09:17:29.878271-03:00 LAPTOP-VLTTGN59 kernel: hv_vmbus: registering driver hv_sock
2026-04-07T09:17:29.878272-03:00 LAPTOP-VLTTGN59 kernel: IPI shorthand broadcast: enabled
2026-04-07T09:17:29.878273-03:00 LAPTOP-VLTTGN59 kernel: AVX2 version of gcm_enc/dec engaged.
2026-04-07T09:17:29.878274-03:00 LAPTOP-VLTTGN59 kernel: AES CTR mode by8 optimization enabled
2026-04-07T09:17:29.878274-03:00 LAPTOP-VLTTGN59 kernel: sched_clock: Marking stable (760057816, 1683608)->(809156069, -47414645)
2026-04-07T09:17:29.878275-03:00 LAPTOP-VLTTGN59 kernel: registered taskstats version 1
2026-04-07T09:17:29.878284-03:00 LAPTOP-VLTTGN59 kernel: Loading compiled-in X.509 certificates
2026-04-07T09:17:29.878284-03:00 LAPTOP-VLTTGN59 kernel: ima: No TPM chip found, activating TPM-bypass!
2026-04-07T09:17:29.878285-03:00 LAPTOP-VLTTGN59 kernel: ima: Allocated hash algorithm: sha256
2026-04-07T09:17:29.878286-03:00 LAPTOP-VLTTGN59 kernel: ima: No architecture policies found
2026-04-07T09:17:29.878287-03:00 LAPTOP-VLTTGN59 kernel: RAS: Correctable Errors collector initialized.
2026-04-07T09:17:29.878287-03:00 LAPTOP-VLTTGN59 kernel: clk: Disabling unused clocks
2026-04-07T09:17:29.878295-03:00 LAPTOP-VLTTGN59 kernel: Freeing unused decrypted memory: 2028K
2026-04-07T09:17:29.878296-03:00 LAPTOP-VLTTGN59 kernel: Freeing unused kernel image (initmem) memory: 4492K
2026-04-07T09:17:29.878297-03:00 LAPTOP-VLTTGN59 kernel: Write protecting the kernel read-only data: 34816k
2026-04-07T09:17:29.878297-03:00 LAPTOP-VLTTGN59 kernel: Freeing unused kernel image (rodata/data gap) memory: 840K
2026-04-07T09:17:29.878298-03:00 LAPTOP-VLTTGN59 kernel: Run /init as init process
2026-04-07T09:17:29.878298-03:00 LAPTOP-VLTTGN59 kernel:   with arguments:
2026-04-07T09:17:29.878299-03:00 LAPTOP-VLTTGN59 kernel:     /init
2026-04-07T09:17:29.878306-03:00 LAPTOP-VLTTGN59 kernel:   with environment:
2026-04-07T09:17:29.878307-03:00 LAPTOP-VLTTGN59 kernel:     HOME=/
2026-04-07T09:17:29.878307-03:00 LAPTOP-VLTTGN59 kernel:     TERM=linux
2026-04-07T09:17:29.878308-03:00 LAPTOP-VLTTGN59 kernel:     WSL_ROOT_INIT=1
2026-04-07T09:17:29.878308-03:00 LAPTOP-VLTTGN59 kernel:     WSL_ENABLE_CRASH_DUMP=1
2026-04-07T09:17:29.878309-03:00 LAPTOP-VLTTGN59 kernel: scsi 0:0:0:0: Direct-Access     Msft     Virtual Disk     1.0  PQ: 0 ANSI: 5
2026-04-07T09:17:29.878321-03:00 LAPTOP-VLTTGN59 kernel: scsi 0:0:0:1: Direct-Access     Msft     Virtual Disk     1.0  PQ: 0 ANSI: 5
2026-04-07T09:17:29.878322-03:00 LAPTOP-VLTTGN59 kernel: sd 0:0:0:0: Attached scsi generic sg0 type 0
2026-04-07T09:17:29.878323-03:00 LAPTOP-VLTTGN59 kernel: sd 0:0:0:0: [sda] 795880 512-byte logical blocks: (407 MB/389 MiB)
2026-04-07T09:17:29.878323-03:00 LAPTOP-VLTTGN59 kernel: sd 0:0:0:1: Attached scsi generic sg1 type 0
2026-04-07T09:17:29.878324-03:00 LAPTOP-VLTTGN59 kernel: sd 0:0:0:1: [sdb] 381016 512-byte logical blocks: (195 MB/186 MiB)
2026-04-07T09:17:29.878325-03:00 LAPTOP-VLTTGN59 kernel: sd 0:0:0:1: [sdb] Write Protect is on
2026-04-07T09:17:29.878327-03:00 LAPTOP-VLTTGN59 kernel: sd 0:0:0:0: [sda] Write Protect is on
2026-04-07T09:17:29.878392-03:00 LAPTOP-VLTTGN59 kernel: sd 0:0:0:0: [sda] Mode Sense: 0f 00 80 00
2026-04-07T09:17:29.878397-03:00 LAPTOP-VLTTGN59 kernel: sd 0:0:0:0: [sda] Write cache: disabled, read cache: enabled, doesn't support DPO or FUA
2026-04-07T09:17:29.878398-03:00 LAPTOP-VLTTGN59 kernel: sd 0:0:0:0: [sda] Attached SCSI disk
2026-04-07T09:17:29.878398-03:00 LAPTOP-VLTTGN59 kernel: sd 0:0:0:1: [sdb] Mode Sense: 0f 00 80 00
2026-04-07T09:17:29.878399-03:00 LAPTOP-VLTTGN59 kernel: sd 0:0:0:1: [sdb] Write cache: disabled, read cache: enabled, doesn't support DPO or FUA
2026-04-07T09:17:29.878400-03:00 LAPTOP-VLTTGN59 kernel: sd 0:0:0:1: [sdb] Attached SCSI disk
2026-04-07T09:17:29.878414-03:00 LAPTOP-VLTTGN59 kernel: scsi 0:0:0:2: Direct-Access     Msft     Virtual Disk     1.0  PQ: 0 ANSI: 5
2026-04-07T09:17:29.878416-03:00 LAPTOP-VLTTGN59 kernel: sd 0:0:0:2: Attached scsi generic sg2 type 0
2026-04-07T09:17:29.878417-03:00 LAPTOP-VLTTGN59 kernel: sd 0:0:0:2: [sdc] 6291464 512-byte logical blocks: (3.22 GB/3.00 GiB)
2026-04-07T09:17:29.878417-03:00 LAPTOP-VLTTGN59 kernel: sd 0:0:0:2: [sdc] 4096-byte physical blocks
2026-04-07T09:17:29.878418-03:00 LAPTOP-VLTTGN59 kernel: sd 0:0:0:2: [sdc] Write Protect is off
2026-04-07T09:17:29.878535-03:00 LAPTOP-VLTTGN59 kernel: sd 0:0:0:2: [sdc] Mode Sense: 0f 00 00 00
2026-04-07T09:17:29.878553-03:00 LAPTOP-VLTTGN59 kernel: sd 0:0:0:2: [sdc] Write cache: enabled, read cache: enabled, doesn't support DPO or FUA
2026-04-07T09:17:29.878554-03:00 LAPTOP-VLTTGN59 kernel: sd 0:0:0:2: [sdc] Attached SCSI disk
2026-04-07T09:17:29.878555-03:00 LAPTOP-VLTTGN59 kernel: EXT4-fs (sda): mounted filesystem 00000000-0000-0000-0000-000000000000 ro without journal. Quota mode: none.
2026-04-07T09:17:29.878556-03:00 LAPTOP-VLTTGN59 kernel: EXT4-fs (sdb): mounted filesystem 00000000-0000-0000-0000-000000000000 ro without journal. Quota mode: none.
2026-04-07T09:17:29.878557-03:00 LAPTOP-VLTTGN59 kernel: tun: Universal TUN/TAP device driver, 1.6
2026-04-07T09:17:29.878558-03:00 LAPTOP-VLTTGN59 kernel: bridge: filtering via arp/ip/ip6tables is no longer available by default. Update your scripts to load br_netfilter if you need this.
2026-04-07T09:17:29.878673-03:00 LAPTOP-VLTTGN59 kernel: Bridge firewalling registered
2026-04-07T09:17:29.878678-03:00 LAPTOP-VLTTGN59 kernel: Adding 3145728k swap on /dev/sdc.  Priority:-2 extents:1 across:3145728k 
2026-04-07T09:17:29.878679-03:00 LAPTOP-VLTTGN59 kernel: hv_pci cb0b3458-e66c-4851-bd74-5a60377b86fa: PCI VMBus probing: Using version 0x10004
2026-04-07T09:17:29.878680-03:00 LAPTOP-VLTTGN59 kernel: hv_pci cb0b3458-e66c-4851-bd74-5a60377b86fa: PCI host bridge to bus e66c:00
2026-04-07T09:17:29.878680-03:00 LAPTOP-VLTTGN59 kernel: pci_bus e66c:00: root bus resource [mem 0xc00000000-0xe00001fff window]
2026-04-07T09:17:29.878681-03:00 LAPTOP-VLTTGN59 kernel: pci_bus e66c:00: No busn resource found for root bus, will use [bus 00-ff]
2026-04-07T09:17:29.878695-03:00 LAPTOP-VLTTGN59 kernel: pci e66c:00:00.0: [1af4:105a] type 00 class 0x088000
2026-04-07T09:17:29.878696-03:00 LAPTOP-VLTTGN59 kernel: pci e66c:00:00.0: reg 0x10: [mem 0xe00000000-0xe00000fff 64bit]
2026-04-07T09:17:29.878696-03:00 LAPTOP-VLTTGN59 kernel: pci e66c:00:00.0: reg 0x18: [mem 0xe00001000-0xe00001fff 64bit]
2026-04-07T09:17:29.878697-03:00 LAPTOP-VLTTGN59 kernel: pci e66c:00:00.0: reg 0x20: [mem 0xc00000000-0xdffffffff 64bit]
2026-04-07T09:17:29.878697-03:00 LAPTOP-VLTTGN59 kernel: pci_bus e66c:00: busn_res: [bus 00-ff] end is updated to 00
2026-04-07T09:17:29.878698-03:00 LAPTOP-VLTTGN59 kernel: pci e66c:00:00.0: BAR 4: assigned [mem 0xc00000000-0xdffffffff 64bit]
2026-04-07T09:17:29.878698-03:00 LAPTOP-VLTTGN59 kernel: pci e66c:00:00.0: BAR 0: assigned [mem 0xe00000000-0xe00000fff 64bit]
2026-04-07T09:17:29.878712-03:00 LAPTOP-VLTTGN59 kernel: pci e66c:00:00.0: BAR 2: assigned [mem 0xe00001000-0xe00001fff 64bit]
2026-04-07T09:17:29.878713-03:00 LAPTOP-VLTTGN59 kernel: virtio-pci e66c:00:00.0: enabling device (0000 -> 0002)
2026-04-07T09:17:29.878714-03:00 LAPTOP-VLTTGN59 kernel: virtiofs virtio1: Cache len: 0x200000000 @ 0xc00000000
2026-04-07T09:17:29.878715-03:00 LAPTOP-VLTTGN59 kernel: scsi 0:0:0:3: Direct-Access     Msft     Virtual Disk     1.0  PQ: 0 ANSI: 5
2026-04-07T09:17:29.878715-03:00 LAPTOP-VLTTGN59 kernel: sd 0:0:0:3: Attached scsi generic sg3 type 0
2026-04-07T09:17:29.878716-03:00 LAPTOP-VLTTGN59 kernel: sd 0:0:0:3: [sdd] 2147483648 512-byte logical blocks: (1.10 TB/1.00 TiB)
2026-04-07T09:17:29.878724-03:00 LAPTOP-VLTTGN59 kernel: sd 0:0:0:3: [sdd] 4096-byte physical blocks
2026-04-07T09:17:29.878725-03:00 LAPTOP-VLTTGN59 kernel: sd 0:0:0:3: [sdd] Write Protect is off
2026-04-07T09:17:29.878726-03:00 LAPTOP-VLTTGN59 kernel: sd 0:0:0:3: [sdd] Mode Sense: 0f 00 00 00
2026-04-07T09:17:29.878726-03:00 LAPTOP-VLTTGN59 kernel: sd 0:0:0:3: [sdd] Write cache: enabled, read cache: enabled, doesn't support DPO or FUA
2026-04-07T09:17:29.878727-03:00 LAPTOP-VLTTGN59 kernel: sd 0:0:0:3: [sdd] Attached SCSI disk
2026-04-07T09:17:29.878728-03:00 LAPTOP-VLTTGN59 kernel: EXT4-fs (sdd): mounted filesystem 8dcc2eb7-3fc6-4e47-a717-902b6e43c6d3 r/w with ordered data mode. Quota mode: none.
2026-04-07T09:17:29.878737-03:00 LAPTOP-VLTTGN59 kernel: misc dxg: dxgk: dxgkio_is_feature_enabled: Ioctl failed: -22
2026-04-07T09:17:29.878738-03:00 LAPTOP-VLTTGN59 kernel: misc dxg: dxgk: dxgkio_query_adapter_info: Ioctl failed: -22
2026-04-07T09:17:29.878745-03:00 LAPTOP-VLTTGN59 kernel: message repeated 2 times: [ misc dxg: dxgk: dxgkio_query_adapter_info: Ioctl failed: -22]
2026-04-07T09:17:29.878748-03:00 LAPTOP-VLTTGN59 kernel: misc dxg: dxgk: dxgkio_query_adapter_info: Ioctl failed: -2
2026-04-07T09:17:29.878754-03:00 LAPTOP-VLTTGN59 kernel: Failed to connect to bus: No such file or directory
2026-04-07T09:17:29.878755-03:00 LAPTOP-VLTTGN59 kernel: Failed to connect to bus: No such file or directory
2026-04-07T09:17:29.878766-03:00 LAPTOP-VLTTGN59 kernel: systemd-journald[48]: Collecting audit messages is disabled.
2026-04-07T09:17:29.878767-03:00 LAPTOP-VLTTGN59 kernel: systemd-journald[48]: Received client request to flush runtime journal.
2026-04-07T09:17:29.878768-03:00 LAPTOP-VLTTGN59 kernel: systemd-journald[48]: File /var/log/journal/42bf43d7a3a14272b979f8d1475c79df/system.journal corrupted or uncleanly shut down, renaming and replacing.
2026-04-07T09:17:29.878769-03:00 LAPTOP-VLTTGN59 kernel: weston[243]: memfd_create() called without MFD_EXEC or MFD_NOEXEC_SEAL set
2026-04-07T09:17:29.878770-03:00 LAPTOP-VLTTGN59 kernel: ACPI: AC: AC Adapter [AC1] (on-line)
2026-04-07T09:17:29.878771-03:00 LAPTOP-VLTTGN59 kernel: ACPI: battery: Slot [BAT1] (battery present)
2026-04-07T09:17:29.878772-03:00 LAPTOP-VLTTGN59 kernel: kvm_amd: TSC scaling supported
2026-04-07T09:17:29.878802-03:00 LAPTOP-VLTTGN59 kernel: kvm_amd: Nested Virtualization enabled
2026-04-07T09:17:29.878806-03:00 LAPTOP-VLTTGN59 kernel: kvm_amd: Nested Paging enabled
2026-04-07T09:17:29.878808-03:00 LAPTOP-VLTTGN59 kernel: kvm_amd: kvm_amd: Hyper-V enlightened NPT TLB flush enabled
2026-04-07T09:17:29.878809-03:00 LAPTOP-VLTTGN59 kernel: kvm_amd: kvm_amd: Hyper-V Direct TLB Flush enabled
